Component: ARM Compiler 6.15 Tool: armlink [5dd79300]

==============================================================================

Section Cross References

    startup_stm32f030x6.o(STACK) refers (Special) to heapauxi.o(.text) for __use_two_region_memory
    startup_stm32f030x6.o(HEAP) refers (Special) to heapauxi.o(.text) for __use_two_region_memory
    startup_stm32f030x6.o(RESET) refers (Special) to heapauxi.o(.text) for __use_two_region_memory
    startup_stm32f030x6.o(RESET) refers to startup_stm32f030x6.o(STACK) for __initial_sp
    startup_stm32f030x6.o(RESET) refers to startup_stm32f030x6.o(.text) for Reset_Handler
    startup_stm32f030x6.o(RESET) refers to stm32f0xx_it.o(.text.NMI_Handler) for NMI_Handler
    startup_stm32f030x6.o(RESET) refers to stm32f0xx_it.o(.text.HardFault_Handler) for HardFault_Handler
    startup_stm32f030x6.o(RESET) refers to stm32f0xx_it.o(.text.SVC_Handler) for SVC_Handler
    startup_stm32f030x6.o(RESET) refers to stm32f0xx_it.o(.text.PendSV_Handler) for PendSV_Handler
    startup_stm32f030x6.o(RESET) refers to stm32f0xx_it.o(.text.SysTick_Handler) for SysTick_Handler
    startup_stm32f030x6.o(RESET) refers to stm32f0xx_it.o(.text.DMA1_Channel2_3_IRQHandler) for DMA1_Channel2_3_IRQHandler
    startup_stm32f030x6.o(RESET) refers to spl06_func.o(.text.TIM3_IRQHandler) for TIM3_IRQHandler
    startup_stm32f030x6.o(RESET) refers to bmi055_fun.o(.text.TIM16_IRQHandler) for TIM16_IRQHandler
    startup_stm32f030x6.o(RESET) refers to stm32f0xx_it.o(.text.SPI1_IRQHandler) for SPI1_IRQHandler
    startup_stm32f030x6.o(.text) refers (Special) to heapauxi.o(.text) for __use_two_region_memory
    startup_stm32f030x6.o(.text) refers to system_stm32f0xx.o(.text.SystemInit) for SystemInit
    startup_stm32f030x6.o(.text) refers to __main.o(!!!main) for __main
    startup_stm32f030x6.o(.text) refers to startup_stm32f030x6.o(HEAP) for Heap_Mem
    startup_stm32f030x6.o(.text) refers to startup_stm32f030x6.o(STACK) for Stack_Mem
    main.o(.text.main) refers to stm32f0xx_hal.o(.text.HAL_Init) for HAL_Init
    main.o(.text.main) refers to stm32f0xx_hal_rcc.o(.text.HAL_RCC_OscConfig) for HAL_RCC_OscConfig
    main.o(.text.main) refers to stm32f0xx_hal_rcc.o(.text.HAL_RCC_ClockConfig) for HAL_RCC_ClockConfig
    main.o(.text.main) refers to stm32f0xx_hal_rcc_ex.o(.text.HAL_RCCEx_PeriphCLKConfig) for HAL_RCCEx_PeriphCLKConfig
    main.o(.text.main) refers to gpio.o(.text.MX_GPIO_Init) for MX_GPIO_Init
    main.o(.text.main) refers to usart.o(.text.MX_USART1_UART_Init) for MX_USART1_UART_Init
    main.o(.text.main) refers to tim.o(.text.MX_TIM1_Init) for MX_TIM1_Init
    main.o(.text.main) refers to tim.o(.text.MX_TIM14_Init) for MX_TIM14_Init
    main.o(.text.main) refers to dma.o(.text.MX_DMA_Init) for MX_DMA_Init
    main.o(.text.main) refers to spi.o(.text.MX_SPI1_Init) for MX_SPI1_Init
    main.o(.text.main) refers to tim.o(.text.MX_TIM3_Init) for MX_TIM3_Init
    main.o(.text.main) refers to tim.o(.text.MX_TIM16_Init) for MX_TIM16_Init
    main.o(.text.main) refers to bmi055.o(.text.Bmi055Configure) for Bmi055Configure
    main.o(.text.main) refers to spl06_001.o(.text.spl0601_init) for spl0601_init
    main.o(.text.main) refers to stm32f0xx_hal_tim.o(.text.HAL_TIM_Base_Start) for HAL_TIM_Base_Start
    main.o(.text.main) refers to stm32f0xx_hal_tim.o(.text.HAL_TIM_PWM_Start) for HAL_TIM_PWM_Start
    main.o(.text.main) refers to stm32f0xx_hal_tim.o(.text.HAL_TIM_Base_Start_IT) for HAL_TIM_Base_Start_IT
    main.o(.text.main) refers to stm32f0xx_hal.o(.text.HAL_Delay) for HAL_Delay
    main.o(.text.main) refers to main.o(.bss.TempPid) for TempPid
    main.o(.text.main) refers to tim.o(.bss.htim1) for htim1
    main.o(.text.main) refers to tim.o(.bss.htim14) for htim14
    main.o(.text.main) refers to tim.o(.bss.htim3) for htim3
    main.o(.text.main) refers to tim.o(.bss.htim16) for htim16
    main.o(.ARM.exidx.text.main) refers to main.o(.text.main) for [Anonymous Symbol]
    main.o(.text.SystemClock_Config) refers to stm32f0xx_hal_rcc.o(.text.HAL_RCC_OscConfig) for HAL_RCC_OscConfig
    main.o(.text.SystemClock_Config) refers to stm32f0xx_hal_rcc.o(.text.HAL_RCC_ClockConfig) for HAL_RCC_ClockConfig
    main.o(.text.SystemClock_Config) refers to stm32f0xx_hal_rcc_ex.o(.text.HAL_RCCEx_PeriphCLKConfig) for HAL_RCCEx_PeriphCLKConfig
    main.o(.ARM.exidx.text.SystemClock_Config) refers to main.o(.text.SystemClock_Config) for [Anonymous Symbol]
    main.o(.ARM.exidx.text.Error_Handler) refers to main.o(.text.Error_Handler) for [Anonymous Symbol]
    gpio.o(.text.MX_GPIO_Init) refers to stm32f0xx_hal_gpio.o(.text.HAL_GPIO_WritePin) for HAL_GPIO_WritePin
    gpio.o(.text.MX_GPIO_Init) refers to stm32f0xx_hal_gpio.o(.text.HAL_GPIO_Init) for HAL_GPIO_Init
    gpio.o(.ARM.exidx.text.MX_GPIO_Init) refers to gpio.o(.text.MX_GPIO_Init) for [Anonymous Symbol]
    dma.o(.text.MX_DMA_Init) refers to stm32f0xx_hal_cortex.o(.text.HAL_NVIC_SetPriority) for HAL_NVIC_SetPriority
[...]
    [Anonymous Symbol]                       0x080017bc   Section        0  stm32f0xx_hal_gpio.o(.text.HAL_GPIO_Init)
    __arm_cp.0_0                             0x08001970   Number         4  stm32f0xx_hal_gpio.o(.text.HAL_GPIO_Init)
    __arm_cp.0_1                             0x08001974   Number         4  stm32f0xx_hal_gpio.o(.text.HAL_GPIO_Init)
    __arm_cp.0_3                             0x08001978   Number         4  stm32f0xx_hal_gpio.o(.text.HAL_GPIO_Init)
    __arm_cp.0_4                             0x0800197c   Number         4  stm32f0xx_hal_gpio.o(.text.HAL_GPIO_Init)
    __arm_cp.0_5                             0x08001980   Number         4  stm32f0xx_hal_gpio.o(.text.HAL_GPIO_Init)
    [Anonymous Symbol]                       0x08001984   Section        0  stm32f0xx_hal_gpio.o(.text.HAL_GPIO_ReadPin)
    [Anonymous Symbol]                       0x0800198e   Section        0  stm32f0xx_hal_gpio.o(.text.HAL_GPIO_WritePin)
    [Anonymous Symbol]                       0x080019a0   Section        0  stm32f0xx_hal.o(.text.HAL_GetTick)
    [Anonymous Symbol]                       0x080019a8   Section        0  stm32f0xx_hal.o(.text.HAL_IncTick)
    __arm_cp.5_1                             0x080019b8   Number         4  stm32f0xx_hal.o(.text.HAL_IncTick)
    [Anonymous Symbol]                       0x080019bc   Section        0  stm32f0xx_hal.o(.text.HAL_Init)
    [Anonymous Symbol]                       0x080019d8   Section        0  stm32f0xx_hal.o(.text.HAL_InitTick)
    __arm_cp.1_0                             0x08001a14   Number         4  stm32f0xx_hal.o(.text.HAL_InitTick)
    [Anonymous Symbol]                       0x08001a18   Section        0  stm32f0xx_hal_msp.o(.text.HAL_MspInit)
    __arm_cp.0_0                             0x08001a40   Number         4  stm32f0xx_hal_msp.o(.text.HAL_MspInit)
    [Anonymous Symbol]                       0x08001a44   Section        0  stm32f0xx_hal_cortex.o(.text.HAL_NVIC_EnableIRQ)
    __arm_cp.1_0                             0x08001a58   Number         4  stm32f0xx_hal_cortex.o(.text.HAL_NVIC_EnableIRQ)
    [Anonymous Symbol]                       0x08001a5c   Section        0  stm32f0xx_hal_cortex.o(.text.HAL_NVIC_SetPriority)
    __arm_cp.0_0                             0x08001a94   Number         4  stm32f0xx_hal_cortex.o(.text.HAL_NVIC_SetPriority)
    __arm_cp.0_1                             0x08001a98   Number         4  stm32f0xx_hal_cortex.o(.text.HAL_NVIC_SetPriority)
    [Anonymous Symbol]                       0x08001a9c   Section        0  stm32f0xx_hal_rcc_ex.o(.text.HAL_RCCEx_PeriphCLKConfig)
    __arm_cp.0_0                             0x08001b98   Number         4  stm32f0xx_hal_rcc_ex.o(.text.HAL_RCCEx_PeriphCLKConfig)
    __arm_cp.0_1                             0x08001b9c   Number         4  stm32f0xx_hal_rcc_ex.o(.text.HAL_RCCEx_PeriphCLKConfig)
    __arm_cp.0_2                             0x08001ba0   Number         4  stm32f0xx_hal_rcc_ex.o(.text.HAL_RCCEx_PeriphCLKConfig)
    [Anonymous Symbol]                       0x08001ba4   Section        0  stm32f0xx_hal_rcc.o(.text.HAL_RCC_ClockConfig)
    __arm_cp.2_0                             0x08001ce8   Number         4  stm32f0xx_hal_rcc.o(.text.HAL_RCC_ClockConfig)
    __arm_cp.2_2                             0x08001cec   Number         4  stm32f0xx_hal_rcc.o(.text.HAL_RCC_ClockConfig)
    __arm_cp.2_8                             0x08001cf0   Number         4  stm32f0xx_hal_rcc.o(.text.HAL_RCC_ClockConfig)
    [Anonymous Symbol]                       0x08001cf4   Section        0  stm32f0xx_hal_rcc.o(.text.HAL_RCC_GetPCLK1Freq)
    __arm_cp.8_0                             0x08001d08   Number         4  stm32f0xx_hal_rcc.o(.text.HAL_RCC_GetPCLK1Freq)
    __arm_cp.8_2                             0x08001d0c   Number         4  stm32f0xx_hal_rcc.o(.text.HAL_RCC_GetPCLK1Freq)
    [Anonymous Symbol]                       0x08001d10   Section        0  stm32f0xx_hal_rcc.o(.text.HAL_RCC_GetSysClockFreq)
    __arm_cp.3_0                             0x08001d54   Number         4  stm32f0xx_hal_rcc.o(.text.HAL_RCC_GetSysClockFreq)
    __arm_cp.3_1                             0x08001d58   Number         4  stm32f0xx_hal_rcc.o(.text.HAL_RCC_GetSysClockFreq)
    __arm_cp.3_2                             0x08001d5c   Number         4  stm32f0xx_hal_rcc.o(.text.HAL_RCC_GetSysClockFreq)
    __arm_cp.3_3                             0x08001d60   Number         4  stm32f0xx_hal_rcc.o(.text.HAL_RCC_GetSysClockFreq)
    __arm_cp.3_4                             0x08001d64   Number         4  stm32f0xx_hal_rcc.o(.text.HAL_RCC_GetSysClockFreq)
    __arm_cp.3_5                             0x08001d68   Number         4  stm32f0xx_hal_rcc.o(.text.HAL_RCC_GetSysClockFreq)
    [Anonymous Symbol]                       0x08001d6c   Section        0  stm32f0xx_hal_rcc.o(.text.HAL_RCC_OscConfig)
    __arm_cp.1_0                             0x08002144   Number         4  stm32f0xx_hal_rcc.o(.text.HAL_RCC_OscConfig)
    __arm_cp.1_1                             0x08002148   Number         4  stm32f0xx_hal_rcc.o(.text.HAL_RCC_OscConfig)
    __arm_cp.1_2                             0x0800214c   Number         4  stm32f0xx_hal_rcc.o(.text.HAL_RCC_OscConfig)
    [Anonymous Symbol]                       0x08002150   Section        0  stm32f0xx_hal_spi.o(.text.HAL_SPI_ErrorCallback)
    [Anonymous Symbol]                       0x08002154   Section        0  stm32f0xx_hal_spi.o(.text.HAL_SPI_IRQHandler)
    __arm_cp.40_0                            0x0800226c   Number         4  stm32f0xx_hal_spi.o(.text.HAL_SPI_IRQHandler)
    [Anonymous Symbol]                       0x08002270   Section        0  stm32f0xx_hal_spi.o(.text.HAL_SPI_Init)
    [Anonymous Symbol]                       0x08002368   Section        0  spi.o(.text.HAL_SPI_MspInit)
    __arm_cp.1_0                             0x08002430   Number         4  spi.o(.text.HAL_SPI_MspInit)
    __arm_cp.1_1                             0x08002434   Number         4  spi.o(.text.HAL_SPI_MspInit)
    __arm_cp.1_2                             0x08002438   Number         4  spi.o(.text.HAL_SPI_MspInit)
    __arm_cp.1_3                             0x0800243c   Number         4  spi.o(.text.HAL_SPI_MspInit)
    __arm_cp.1_4                             0x08002440   Number         4  spi.o(.text.HAL_SPI_MspInit)
    [Anonymous Symbol]                       0x08002444   Section        0  stm32f0xx_hal_spi.o(.text.HAL_SPI_Transmit)
    __arm_cp.4_0                             0x08002658   Number         4  stm32f0xx_hal_spi.o(.text.HAL_SPI_Transmit)
    [Anonymous Symbol]                       0x0800265c   Section        0  stm32f0xx_hal_spi.o(.text.HAL_SPI_TransmitReceive)
    __arm_cp.6_0                             0x08002938   Number         4  stm32f0xx_hal_spi.o(.text.HAL_SPI_TransmitReceive)
    [Anonymous Symbol]                       0x0800293c   Section        0  stm32f0xx_hal_cortex.o(.text.HAL_SYSTICK_Config)
    __arm_cp.4_0                             0x08002964   Number         4  stm32f0xx_hal_cortex.o(.text.HAL_SYSTICK_Config)
    __arm_cp.4_1                             0x08002968   Number         4  stm32f0xx_hal_cortex.o(.text.HAL_SYSTICK_Config)
    __arm_cp.4_2                             0x0800296c   Number         4  stm32f0xx_hal_cortex.o(.text.HAL_SYSTICK_Config)
    [Anonymous Symbol]                       0x08002970   Section        0  stm32f0xx_hal_tim_ex.o(.text.HAL_TIMEx_BreakCallback)
    [Anonymous Symbol]                       0x08002972   Section        0  stm32f0xx_hal_tim_ex.o(.text.HAL_TIMEx_CommutCallback)
    [Anonymous Symbol]                       0x08002974   Section        0  stm32f0xx_hal_tim_ex.o(.text.HAL_TIMEx_ConfigBreakDeadTime)
    [Anonymous Symbol]                       0x080029d0   Section        0  stm32f0xx_hal_tim_ex.o(.text.HAL_TIMEx_MasterConfigSynchronization)
    [Anonymous Symbol]                       0x08002a18   Section        0  stm32f0xx_hal_tim.o(.text.HAL_TIM_Base_Init)
    __arm_cp.0_3                             0x08002ad0   Number         4  stm32f0xx_hal_tim.o(.text.HAL_TIM_Base_Init)
    [Anonymous Symbol]                       0x08002ad4   Section        0  tim.o(.text.HAL_TIM_Base_MspInit)
    __arm_cp.5_0                             0x08002b74   Number         4  tim.o(.text.HAL_TIM_Base_MspInit)
    __arm_cp.5_1                             0x08002b78   Number         4  tim.o(.text.HAL_TIM_Base_MspInit)
    __arm_cp.5_4                             0x08002b7c   Number         4  tim.o(.text.HAL_TIM_Base_MspInit)
    __arm_cp.5_5                             0x08002b80   Number         4  tim.o(.text.HAL_TIM_Base_MspInit)
    [Anonymous Symbol]                       0x08002b84   Section        0  stm32f0xx_hal_tim.o(.text.HAL_TIM_Base_Start)
    [Anonymous Symbol]                       0x08002bc8   Section        0  stm32f0xx_hal_tim.o(.text.HAL_TIM_Base_Start_IT)
    __arm_cp.7_0                             0x08002c10   Number         4  stm32f0xx_hal_tim.o(.text.HAL_TIM_Base_Start_IT)
    __arm_cp.7_1                             0x08002c14   Number         4  stm32f0xx_hal_tim.o(.text.HAL_TIM_Base_Start_IT)
    [Anonymous Symbol]                       0x08002c18   Section        0  stm32f0xx_hal_tim.o(.text.HAL_TIM_ConfigClockSource)
    __arm_cp.90_0                            0x08002d70   Number         4  stm32f0xx_hal_tim.o(.text.HAL_TIM_ConfigClockSource)
    [Anonymous Symbol]                       0x08002d74   Section        0  stm32f0xx_hal_tim.o(.text.HAL_TIM_IC_CaptureCallback)
    [Anonymous Symbol]                       0x08002d76   Section        0  stm32f0xx_hal_tim.o(.text.HAL_TIM_IRQHandler)
    [Anonymous Symbol]                       0x08002ebe   Section        0  stm32f0xx_hal_tim.o(.text.HAL_TIM_OC_DelayElapsedCallback)
    [Anonymous Symbol]                       0x08002ec0   Section        0  stm32f0xx_hal_tim.o(.text.HAL_TIM_PWM_ConfigChannel)
    __arm_cp.77_3                            0x08003124   Number         4  stm32f0xx_hal_tim.o(.text.HAL_TIM_PWM_ConfigChannel)
    [Anonymous Symbol]                       0x08003128   Section        0  stm32f0xx_hal_tim.o(.text.HAL_TIM_PWM_Init)
    __arm_cp.27_2                            0x080031e0   Number         4  stm32f0xx_hal_tim.o(.text.HAL_TIM_PWM_Init)
    __arm_cp.27_5                            0x080031e4   Number         4  stm32f0xx_hal_tim.o(.text.HAL_TIM_PWM_Init)
    [Anonymous Symbol]                       0x080031e8   Section        0  stm32f0xx_hal_tim.o(.text.HAL_TIM_PWM_MspInit)
    [Anonymous Symbol]                       0x080031ea   Section        0  stm32f0xx_hal_tim.o(.text.HAL_TIM_PWM_PulseFinishedCallback)
    [Anonymous Symbol]                       0x080031ec   Section        0  stm32f0xx_hal_tim.o(.text.HAL_TIM_PWM_Start)
    __arm_cp.31_0                            0x080032a0   Number         4  stm32f0xx_hal_tim.o(.text.HAL_TIM_PWM_Start)
    __arm_cp.31_1                            0x080032a4   Number         4  stm32f0xx_hal_tim.o(.text.HAL_TIM_PWM_Start)
    __arm_cp.31_2                            0x080032a8   Number         4  stm32f0xx_hal_tim.o(.text.HAL_TIM_PWM_Start)
    __arm_cp.31_3                            0x080032ac   Number         4  stm32f0xx_hal_tim.o(.text.HAL_TIM_PWM_Start)
    __arm_cp.31_4                            0x080032b0   Number         4  stm32f0xx_hal_tim.o(.text.HAL_TIM_PWM_Start)
    [Anonymous Symbol]                       0x080032b4   Section        0  stm32f0xx_hal_tim.o(.text.HAL_TIM_PeriodElapsedCallback)
    [Anonymous Symbol]                       0x080032b6   Section        0  stm32f0xx_hal_tim.o(.text.HAL_TIM_TriggerCallback)
    [Anonymous Symbol]                       0x080032b8   Section        0  stm32f0xx_hal_uart.o(.text.HAL_UART_Init)
    __arm_cp.0_0                             0x08003380   Number         4  stm32f0xx_hal_uart.o(.text.HAL_UART_Init)
    [Anonymous Symbol]                       0x08003384   Section        0  usart.o(.text.HAL_UART_MspInit)
    __arm_cp.1_0                             0x080033e4   Number         4  usart.o(.text.HAL_UART_MspInit)
    __arm_cp.1_1                             0x080033e8   Number         4  usart.o(.text.HAL_UART_MspInit)
    [Anonymous Symbol]                       0x080033ec   Section        0  stm32f0xx_it.o(.text.HardFault_Handler)
    [Anonymous Symbol]                       0x080033f0   Section        0  iic.o(.text.I2c_Soft_Ask)
    [Anonymous Symbol]                       0x08003514   Section        0  iic.o(.text.I2c_Soft_NoAsk)
    [Anonymous Symbol]                       0x0800363c   Section        0  iic.o(.text.I2c_Soft_ReadByte)
    __arm_cp.8_0                             0x08003738   Number         4  iic.o(.text.I2c_Soft_ReadByte)
    __arm_cp.8_1                             0x0800373c   Number         4  iic.o(.text.I2c_Soft_ReadByte)
    [Anonymous Symbol]                       0x08003740   Section        0  iic.o(.text.I2c_Soft_SendByte)
    __arm_cp.7_0                             0x08003844   Number         4  iic.o(.text.I2c_Soft_SendByte)
    __arm_cp.7_1                             0x08003848   Number         4  iic.o(.text.I2c_Soft_SendByte)
    [Anonymous Symbol]                       0x0800384c   Section        0  iic.o(.text.I2c_Soft_Start)
    __arm_cp.2_0                             0x08003964   Number         4  iic.o(.text.I2c_Soft_Start)
    __arm_cp.2_1                             0x08003968   Number         4  iic.o(.text.I2c_Soft_Start)
    [Anonymous Symbol]                       0x0800396c   Section        0  iic.o(.text.I2c_Soft_Stop)
    __arm_cp.3_0                             0x08003a94   Number         4  iic.o(.text.I2c_Soft_Stop)
    __arm_cp.3_1                             0x08003a98   Number         4  iic.o(.text.I2c_Soft_Stop)
    [Anonymous Symbol]                       0x08003a9c   Section        0  iic.o(.text.I2c_Soft_WaitAsk)
    __arm_cp.6_0                             0x08003bd0   Number         4  iic.o(.text.I2c_Soft_WaitAsk)
    __arm_cp.6_1                             0x08003bd4   Number         4  iic.o(.text.I2c_Soft_WaitAsk)
    [Anonymous Symbol]                       0x08003bd8   Section        0  iic.o(.text.IIC_Read_1Byte)
    [Anonymous Symbol]                       0x08003c1c   Section        0  iic.o(.text.IIC_Write_1Byte)
    [Anonymous Symbol]                       0x08003c50   Section        0  cmath.o(.text.LowPassFilter_RC_1order)
    __arm_cp.7_0                             0x08003ca8   Number         4  cmath.o(.text.LowPassFilter_RC_1order)
    [Anonymous Symbol]                       0x08003cac   Section        0  dma.o(.text.MX_DMA_Init)
    [Anonymous Symbol]                       0x08003cd8   Section        0  gpio.o(.text.MX_GPIO_Init)
    __arm_cp.0_1                             0x08003d88   Number         4  gpio.o(.text.MX_GPIO_Init)
    __arm_cp.0_2                             0x08003d8c   Number         4  gpio.o(.text.MX_GPIO_Init)
    __arm_cp.0_3                             0x08003d90   Number         4  gpio.o(.text.MX_GPIO_Init)
    [Anonymous Symbol]                       0x08003d94   Section        0  spi.o(.text.MX_SPI1_Init)
    __arm_cp.0_1                             0x08003ddc   Number         4  spi.o(.text.MX_SPI1_Init)
    [Anonymous Symbol]                       0x08003de0   Section        0  tim.o(.text.MX_TIM14_Init)
    __arm_cp.3_0                             0x08003e08   Number         4  tim.o(.text.MX_TIM14_Init)
    __arm_cp.3_1                             0x08003e0c   Number         4  tim.o(.text.MX_TIM14_Init)
    __arm_cp.3_2                             0x08003e10   Number         4  tim.o(.text.MX_TIM14_Init)
    [Anonymous Symbol]                       0x08003e14   Section        0  tim.o(.text.MX_TIM16_Init)
    __arm_cp.4_0                             0x08003e40   Number         4  tim.o(.text.MX_TIM16_Init)
    __arm_cp.4_1                             0x08003e44   Number         4  tim.o(.text.MX_TIM16_Init)
    __arm_cp.4_2                             0x08003e48   Number         4  tim.o(.text.MX_TIM16_Init)
    [Anonymous Symbol]                       0x08003e4c   Section        0  tim.o(.text.MX_TIM1_Init)
    __arm_cp.0_0                             0x08003f60   Number         4  tim.o(.text.MX_TIM1_Init)
    __arm_cp.0_1                             0x08003f64   Number         4  tim.o(.text.MX_TIM1_Init)
    __arm_cp.0_2                             0x08003f68   Number         4  tim.o(.text.MX_TIM1_Init)
    __arm_cp.0_3                             0x08003f6c   Number         4  tim.o(.text.MX_TIM1_Init)
    [Anonymous Symbol]                       0x08003f70   Section        0  tim.o(.text.MX_TIM3_Init)
    __arm_cp.2_1                             0x08003fd4   Number         4  tim.o(.text.MX_TIM3_Init)
    __arm_cp.2_2                             0x08003fd8   Number         4  tim.o(.text.MX_TIM3_Init)
    [Anonymous Symbol]                       0x08003fdc   Section        0  usart.o(.text.MX_USART1_UART_Init)
    __arm_cp.0_0                             0x0800400c   Number         4  usart.o(.text.MX_USART1_UART_Init)
    __arm_cp.0_1                             0x08004010   Number         4  usart.o(.text.MX_USART1_UART_Init)
    [Anonymous Symbol]                       0x08004014   Section        0  stm32f0xx_it.o(.text.NMI_Handler)
    [Anonymous Symbol]                       0x08004016   Section        0  stm32f0xx_it.o(.text.PendSV_Handler)
    [Anonymous Symbol]                       0x08004018   Section        0  stm32f0xx_it.o(.text.SPI1_IRQHandler)
    __arm_cp.6_0                             0x08004024   Number         4  stm32f0xx_it.o(.text.SPI1_IRQHandler)
    SPI_DMAAbortOnError                      0x08004029   Thumb Code    18  stm32f0xx_hal_spi.o(.text.SPI_DMAAbortOnError)
    [Anonymous Symbol]                       0x08004028   Section        0  stm32f0xx_hal_spi.o(.text.SPI_DMAAbortOnError)
    SPI_WaitFifoStateUntilTimeout            0x0800403d   Thumb Code   284  stm32f0xx_hal_spi.o(.text.SPI_WaitFifoStateUntilTimeout)
    [Anonymous Symbol]                       0x0800403c   Section        0  stm32f0xx_hal_spi.o(.text.SPI_WaitFifoStateUntilTimeout)
    SPI_WaitFlagStateUntilTimeout            0x08004159   Thumb Code   192  stm32f0xx_hal_spi.o(.text.SPI_WaitFlagStateUntilTimeout)
    [Anonymous Symbol]                       0x08004158   Section        0  stm32f0xx_hal_spi.o(.text.SPI_WaitFlagStateUntilTimeout)
    __arm_cp.32_0                            0x08004214   Number         4  stm32f0xx_hal_spi.o(.text.SPI_WaitFlagStateUntilTimeout)
    [Anonymous Symbol]                       0x08004218   Section        0  stm32f0xx_it.o(.text.SVC_Handler)
    [Anonymous Symbol]                       0x0800421c   Section        0  cmath.o(.text.SquareRootFloat)
    __arm_cp.13_0                            0x08004280   Number         4  cmath.o(.text.SquareRootFloat)
    [Anonymous Symbol]                       0x08004284   Section        0  stm32f0xx_it.o(.text.SysTick_Handler)
    [Anonymous Symbol]                       0x0800428c   Section        0  system_stm32f0xx.o(.text.SystemInit)
    [Anonymous Symbol]                       0x08004290   Section        0  bmi055_fun.o(.text.TIM16_IRQHandler)
    __arm_cp.0_0                             0x080042c4   Number         4  bmi055_fun.o(.text.TIM16_IRQHandler)
    __arm_cp.0_1                             0x080042c8   Number         4  bmi055_fun.o(.text.TIM16_IRQHandler)
    __arm_cp.0_2                             0x080042cc   Number         4  bmi055_fun.o(.text.TIM16_IRQHandler)
    [Anonymous Symbol]                       0x080042d0   Section        0  spl06_func.o(.text.TIM3_IRQHandler)
    __arm_cp.0_0                             0x08004340   Number         4  spl06_func.o(.text.TIM3_IRQHandler)
    __arm_cp.0_1                             0x08004344   Number         4  spl06_func.o(.text.TIM3_IRQHandler)
    __arm_cp.0_2                             0x08004348   Number         4  spl06_func.o(.text.TIM3_IRQHandler)
    __arm_cp.0_3                             0x0800434c   Number         4  spl06_func.o(.text.TIM3_IRQHandler)
    __arm_cp.0_4                             0x08004350   Number         4  spl06_func.o(.text.TIM3_IRQHandler)
    __arm_cp.0_5                             0x08004354   Number         4  spl06_func.o(.text.TIM3_IRQHandler)
    __arm_cp.0_6                             0x08004358   Number         4  spl06_func.o(.text.TIM3_IRQHandler)
    [Anonymous Symbol]                       0x0800435c   Section        0  stm32f0xx_hal_uart.o(.text.UART_AdvFeatureConfig)
    [Anonymous Symbol]                       0x08004430   Section        0  stm32f0xx_hal_uart.o(.text.UART_SetConfig)
    __arm_cp.2_0                             0x08004520   Number         4  stm32f0xx_hal_uart.o(.text.UART_SetConfig)
    __arm_cp.2_1                             0x08004524   Number         4  stm32f0xx_hal_uart.o(.text.UART_SetConfig)
    __arm_cp.2_3                             0x08004538   Number         4  stm32f0xx_hal_uart.o(.text.UART_SetConfig)
    __arm_cp.2_4                             0x0800453c   Number         4  stm32f0xx_hal_uart.o(.text.UART_SetConfig)
    [Anonymous Symbol]                       0x08004540   Section        0  stm32f0xx_hal_uart.o(.text.UART_WaitOnFlagUntilTimeout)
    [Anonymous Symbol]                       0x0800464e   Section        0  cmath.o(.text.f_abs)
    [Anonymous Symbol]                       0x08004658   Section        0  bmi055.o(.text.kf_imu)
    __arm_cp.6_0                             0x08004914   Number         4  bmi055.o(.text.kf_imu)
    __arm_cp.6_1                             0x08004918   Number         4  bmi055.o(.text.kf_imu)
    __arm_cp.6_2                             0x0800491c   Number         4  bmi055.o(.text.kf_imu)
    __arm_cp.6_3                             0x08004920   Number         4  bmi055.o(.text.kf_imu)
    __arm_cp.6_4                             0x08004924   Number         4  bmi055.o(.text.kf_imu)
    __arm_cp.6_5                             0x08004928   Number         4  bmi055.o(.text.kf_imu)
    __arm_cp.6_6                             0x0800492c   Number         4  bmi055.o(.text.kf_imu)
    __arm_cp.6_7                             0x08004930   Number         4  bmi055.o(.text.kf_imu)
    [Anonymous Symbol]                       0x08004934   Section        0  main.o(.text.main)
    __arm_cp.0_0                             0x08004a1c   Number         4  main.o(.text.main)
    __arm_cp.0_1                             0x08004a20   Number         4  main.o(.text.main)
    __arm_cp.0_2                             0x08004a24   Number         4  main.o(.text.main)
    __arm_cp.0_3                             0x08004a28   Number         4  main.o(.text.main)
    __arm_cp.0_4                             0x08004a2c   Number         4  main.o(.text.main)
    __arm_cp.0_5                             0x08004a30   Number         4  main.o(.text.main)
    __arm_cp.0_6                             0x08004a34   Number         4  main.o(.text.main)
    [Anonymous Symbol]                       0x08004a38   Section        0  spl06_001.o(.text.spl0601_get_calib_param)
    __arm_cp.13_1                            0x08004bcc   Number         4  spl06_001.o(.text.spl0601_get_calib_param)
    [Anonymous Symbol]                       0x08004bd0   Section        0  spl06_001.o(.text.spl0601_get_pressure)
    [Anonymous Symbol]                       0x08004cb4   Section        0  spl06_001.o(.text.spl0601_init)
    [Anonymous Symbol]                       0x08004d54   Section        0  spl06_001.o(.text.user_spl0601_get_presure)
    [Anonymous Symbol]                       0x08004da4   Section        0  spl06_001.o(.text.user_spl0601_get_temperature)
    __arm_cp.19_0                            0x08004e40   Number         4  spl06_001.o(.text.user_spl0601_get_temperature)
    __arm_cp.19_1                            0x08004e44   Number         4  spl06_001.o(.text.user_spl0601_get_temperature)
    .text_divfast                            0x08004e48   Section      502  aeabi_sdivfast.o(.text_divfast)
    i.__ARM_fpclassifyf                      0x0800503e   Section        0  fpclassifyf.o(i.__ARM_fpclassifyf)
    i.__mathlib_flt_infnan2                  0x08005060   Section        0  funder.o(i.__mathlib_flt_infnan2)
    i.__mathlib_flt_underflow                0x08005068   Section        0  funder.o(i.__mathlib_flt_underflow)
    i._fgeq                                  0x08005076   Section        0  fcmp.o(i._fgeq)
    i._fgr                                   0x0800508c   Section        0  fcmp.o(i._fgr)
    i.atan2f                                 0x080050a4   Section        0  atan2f.o(i.atan2f)
    x$fpl$fadd                               0x08005340   Section      140  faddsub.o(x$fpl$fadd)
    _fadd1                                   0x0800534d   Thumb Code     0  faddsub.o(x$fpl$fadd)
    x$fpl$fgeqf                              0x080053cc   Section       84  fgef.o(x$fpl$fgeqf)
    x$fpl$fmul                               0x08005420   Section      176  fmul.o(x$fpl$fmul)
    x$fpl$frsb                               0x080054d0   Section       24  faddsub.o(x$fpl$frsb)
    x$fpl$fsub                               0x080054e8   Section      208  faddsub.o(x$fpl$fsub)
    _fsub1                                   0x080054f5   Thumb Code     0  faddsub.o(x$fpl$fsub)
    uc_hextab                                0x080055b8   Data          20  _printf_hex_int.o(.constdata)
    .constdata                               0x080055b8   Section       40  _printf_hex_int.o(.constdata)
    x$fpl$usenofp                            0x080055b8   Section        0  usenofp.o(x$fpl$usenofp)
    lc_hextab                                0x080055cc   Data          20  _printf_hex_int.o(.constdata)
    ddiv_reciptbl                            0x080055e0   Data         128  ddiv.o(.constdata)
    .constdata                               0x080055e0   Section      128  ddiv.o(.constdata)
    fdiv_tab                                 0x08005660   Data          64  fdiv.o(.constdata)
    .constdata                               0x08005660   Section       64  fdiv.o(.constdata)
    .L__const.HAL_RCC_GetSysClockFreq.aPLLMULFactorTable 0x080056b8   Data          16  stm32f0xx_hal_rcc.o(.rodata.cst16)
    .L__const.HAL_RCC_GetSysClockFreq.aPredivFactorTable 0x080056c8   Data          16  stm32f0xx_hal_rcc.o(.rodata.cst16)
    [Anonymous Symbol]                       0x20000000   Section        0  stm32f0xx_hal.o(.data..L_MergedGlobals)
    .bss                                     0x20000010   Section       96  libspace.o(.bss)
    spl06_calib_param.0                      0x20000070   Data           2  spl06_001.o(.bss..L_MergedGlobals)
    [Anonymous Symbol]                       0x20000070   Section        0  spl06_001.o(.bss..L_MergedGlobals)
    spl06_calib_param.1                      0x20000074   Data           2  spl06_001.o(.bss..L_MergedGlobals)
    spl06_calib_param.4                      0x20000078   Data           2  spl06_001.o(.bss..L_MergedGlobals)
    spl06_calib_param.5                      0x2000007c   Data           2  spl06_001.o(.bss..L_MergedGlobals)
    spl06_calib_param.6                      0x20000080   Data           2  spl06_001.o(.bss..L_MergedGlobals)
    spl06_calib_param.7                      0x20000084   Data           2  spl06_001.o(.bss..L_MergedGlobals)
    spl06_calib_param.8                      0x20000088   Data           2  spl06_001.o(.bss..L_MergedGlobals)
    spl06_calib_param.2                      0x2000008c   Data           4  spl06_001.o(.bss..L_MergedGlobals)
    spl06_calib_param.3                      0x20000090   Data           4  spl06_001.o(.bss..L_MergedGlobals)
    [Anonymous Symbol]                       0x200000a8   Section        0  bmi055.o(.bss..L_MergedGlobals)
    [Anonymous Symbol]                       0x20000120   Section        0  bmi055_fun.o(.bss..L_MergedGlobals)
    Heap_Mem                                 0x20000428   Data         512  startup_stm32f030x6.o(HEAP)
    HEAP                                     0x20000428   Section      512  startup_stm32f030x6.o(HEAP)
    Stack_Mem                                0x20000628   Data        1024  startup_stm32f030x6.o(STACK)
    STACK                                    0x20000628   Section     1024  startup_stm32f030x6.o(STACK)
    __initial_sp                             0x20000a28   Data           0  startup_stm32f030x6.o(STACK)

    Global Symbols

    Symbol Name                              Value     Ov Type        Size  Object(Section)

    BuildAttributes$$THM_ISAv3M$S$PE$A:L22$X:L11$S22$IEEE1$IW$~IW$USESV6$~STKCKD$USESV7$~SHL$OTIME$ROPI$IEEEX$EBA8$UX$STANDARDLIB$REQ8$PRES8$EABIv2 0x00000000   Number         0  anon$$obj.o ABSOLUTE
    __ARM_exceptions_init                     - Undefined Weak Reference
    __alloca_initialize                       - Undefined Weak Reference
    __arm_preinit_                            - Undefined Weak Reference
    __cpp_initialize__aeabi_                  - Undefined Weak Reference
    __cxa_finalize                            - Undefined Weak Reference
    __rt_locale                               - Undefined Weak Reference
    __sigvec_lookup                           - Undefined Weak Reference
    __user_heap_extent                        - Undefined Weak Reference
    _atexit_init                              - Undefined Weak Reference
    _call_atexit_fns                          - Undefined Weak Reference
    _clock_init                               - Undefined Weak Reference
    _fp_trap_init                             - Undefined Weak Reference
    _fp_trap_shutdown                         - Undefined Weak Reference
    _get_lc_collate                           - Undefined Weak Reference
    _get_lc_ctype                             - Undefined Weak Reference
    _get_lc_monetary                          - Undefined Weak Reference
    _get_lc_numeric                           - Undefined Weak Reference
    _get_lc_time                              - Undefined Weak Reference
    _getenv_init                              - Undefined Weak Reference
    _handle_redirection                       - Undefined Weak Reference
    _mutex_acquire                            - Undefined Weak Reference
    _mutex_free                               - Undefined Weak Reference
    _mutex_release                            - Undefined Weak Reference
    _printf_post_padding                      - Undefined Weak Reference
    _printf_pre_padding                       - Undefined Weak Reference
    _printf_truncate_unsigned                 - Undefined Weak Reference
    _rand_init                                - Undefined Weak Reference
    _signal_finish                            - Undefined Weak Reference
    _signal_init                              - Undefined Weak Reference
    __Vectors_Size                           0x000000b0   Number         0  startup_stm32f030x6.o ABSOLUTE
    __Vectors                                0x08000000   Data           4  startup_stm32f030x6.o(RESET)
    __Vectors_End                            0x080000b0   Data           0  startup_stm32f030x6.o(RESET)
    __main                                   0x080000b1   Thumb Code     8  __main.o(!!!main)
    __scatterload                            0x080000b9   Thumb Code     0  __scatter.o(!!!scatter)
    __scatterload_rt2                        0x080000b9   Thumb Code    52  __scatter.o(!!!scatter)
    __scatterload_rt2_thumb_only             0x080000b9   Thumb Code     0  __scatter.o(!!!scatter)
    __scatterload_null                       0x080000c9   Thumb Code     0  __scatter.o(!!!scatter)
    __scatterload_copy                       0x080000f5   Thumb Code    26  __scatter_copy.o(!!handler_copy)
    __scatterload_zeroinit                   0x08000111   Thumb Code    28  __scatter_zi.o(!!handler_zi)
    _printf_percent                          0x0800012d   Thumb Code     0  _printf_percent.o(.ARM.Collect$$_printf_percent$$00000000)
    _printf_x                                0x0800012f   Thumb Code     0  _printf_x.o(.ARM.Collect$$_printf_percent$$0000000C)
    _printf_percent_end                      0x08000139   Thumb Code     0  _printf_percent_end.o(.ARM.Collect$$_printf_percent$$00000017)
    __rt_lib_init                            0x0800013d   Thumb Code     0  libinit.o(.ARM.Collect$$libinit$$00000000)
    __rt_lib_init_alloca_1                   0x0800013f   Thumb Code     0  libinit2.o(.ARM.Collect$$libinit$$0000002E)
    __rt_lib_init_argv_1                     0x0800013f   Thumb Code     0  libinit2.o(.ARM.Collect$$libinit$$0000002C)
    __rt_lib_init_atexit_1                   0x0800013f   Thumb Code     0  libinit2.o(.ARM.Collect$$libinit$$0000001B)
    __rt_lib_init_clock_1                    0x0800013f   Thumb Code     0  libinit2.o(.ARM.Collect$$libinit$$00000021)
    __rt_lib_init_cpp_1                      0x0800013f   Thumb Code     0  libinit2.o(.ARM.Collect$$libinit$$00000032)
    __rt_lib_init_exceptions_1               0x0800013f   Thumb Code     0  libinit2.o(.ARM.Collect$$libinit$$00000030)
    __rt_lib_init_fp_1                       0x0800013f   Thumb Code     0  libinit2.o(.ARM.Collect$$libinit$$00000002)
    __rt_lib_init_fp_trap_1                  0x0800013f   Thumb Code     0  libinit2.o(.ARM.Collect$$libinit$$0000001F)
    __rt_lib_init_getenv_1                   0x0800013f   Thumb Code     0  libinit2.o(.ARM.Collect$$libinit$$00000023)
    __rt_lib_init_heap_1                     0x0800013f   Thumb Code     0  libinit2.o(.ARM.Collect$$libinit$$0000000A)
    __rt_lib_init_lc_collate_1               0x0800013f   Thumb Code     0  libinit2.o(.ARM.Collect$$libinit$$00000011)
    __rt_lib_init_lc_ctype_1                 0x0800013f   Thumb Code     0  libinit2.o(.ARM.Collect$$libinit$$00000013)
    __rt_lib_init_lc_monetary_1              0x0800013f   Thumb Code     0  libinit2.o(.ARM.Collect$$libinit$$00000015)
    __rt_lib_init_lc_numeric_1               0x0800013f   Thumb Code     0  libinit2.o(.ARM.Collect$$libinit$$00000017)
    __rt_lib_init_lc_time_1                  0x0800013f   Thumb Code     0  libinit2.o(.ARM.Collect$$libinit$$00000019)
    __rt_lib_init_preinit_1                  0x0800013f   Thumb Code     0  libinit2.o(.ARM.Collect$$libinit$$00000004)
    __rt_lib_init_rand_1                     0x0800013f   Thumb Code     0  libinit2.o(.ARM.Collect$$libinit$$0000000E)
    __rt_lib_init_return                     0x0800013f   Thumb Code     0  libinit2.o(.ARM.Collect$$libinit$$00000033)
    __rt_lib_init_signal_1                   0x0800013f   Thumb Code     0  libinit2.o(.ARM.Collect$$libinit$$0000001D)
    __rt_lib_init_stdio_1                    0x0800013f   Thumb Code     0  libinit2.o(.ARM.Collect$$libinit$$00000025)
    __rt_lib_init_user_alloc_1               0x0800013f   Thumb Code     0  libinit2.o(.ARM.Collect$$libinit$$0000000C)
    __rt_lib_shutdown                        0x08000141   Thumb Code     0  libshutdown.o(.ARM.Collect$$libshutdown$$00000000)
    __rt_lib_shutdown_cpp_1                  0x08000143   Thumb Code     0  libshutdown2.o(.ARM.Collect$$libshutdown$$00000002)
    __rt_lib_shutdown_fp_trap_1              0x08000143   Thumb Code     0  libshutdown2.o(.ARM.Collect$$libshutdown$$00000007)
    __rt_lib_shutdown_heap_1                 0x08000143   Thumb Code     0  libshutdown2.o(.ARM.Collect$$libshutdown$$0000000F)
    __rt_lib_shutdown_return                 0x08000143   Thumb Code     0  libshutdown2.o(.ARM.Collect$$libshutdown$$00000010)
    __rt_lib_shutdown_signal_1               0x08000143   Thumb Code     0  libshutdown2.o(.ARM.Collect$$libshutdown$$0000000A)
    __rt_lib_shutdown_stdio_1                0x08000143   Thumb Code     0  libshutdown2.o(.ARM.Collect$$libshutdown$$00000004)
    __rt_lib_shutdown_user_alloc_1           0x08000143   Thumb Code     0  libshutdown2.o(.ARM.Collect$$libshutdown$$0000000C)
    __rt_entry                               0x08000145   Thumb Code     0  __rtentry.o(.ARM.Collect$$rtentry$$00000000)
    __rt_entry_presh_1                       0x08000145   Thumb Code     0  __rtentry2.o(.ARM.Collect$$rtentry$$00000002)
    __rt_entry_sh                            0x08000145   Thumb Code     0  __rtentry4.o(.ARM.Collect$$rtentry$$00000004)
    __rt_entry_li                            0x0800014b   Thumb Code     0  __rtentry2.o(.ARM.Collect$$rtentry$$0000000A)
    __rt_entry_postsh_1                      0x0800014b   Thumb Code     0  __rtentry2.o(.ARM.Collect$$rtentry$$00000009)
    __rt_entry_main                          0x0800014f   Thumb Code     0  __rtentry2.o(.ARM.Collect$$rtentry$$0000000D)
    __rt_entry_postli_1                      0x0800014f   Thumb Code     0  __rtentry2.o(.ARM.Collect$$rtentry$$0000000C)
    __rt_exit                                0x08000157   Thumb Code     0  rtexit.o(.ARM.Collect$$rtexit$$00000000)
    __rt_exit_ls                             0x08000159   Thumb Code     0  rtexit2.o(.ARM.Collect$$rtexit$$00000003)
    __rt_exit_prels_1                        0x08000159   Thumb Code     0  rtexit2.o(.ARM.Collect$$rtexit$$00000002)
    __rt_exit_exit                           0x0800015d   Thumb Code     0  rtexit2.o(.ARM.Collect$$rtexit$$00000004)
    __aeabi_memcpy4                          0x08000165   Thumb Code    56  rt_memcpy.o(.emb_text)
    __aeabi_memcpy8                          0x08000165   Thumb Code     0  rt_memcpy.o(.emb_text)
    Reset_Handler                            0x0800019d   Thumb Code     8  startup_stm32f030x6.o(.text)
    ADC1_IRQHandler                          0x080001af   Thumb Code     0  startup_stm32f030x6.o(.text)
    DMA1_Channel1_IRQHandler                 0x080001af   Thumb Code     0  startup_stm32f030x6.o(.text)
    DMA1_Channel4_5_IRQHandler               0x080001af   Thumb Code     0  startup_stm32f030x6.o(.text)
    EXTI0_1_IRQHandler                       0x080001af   Thumb Code     0  startup_stm32f030x6.o(.text)
    EXTI2_3_IRQHandler                       0x080001af   Thumb Code     0  startup_stm32f030x6.o(.text)
    EXTI4_15_IRQHandler                      0x080001af   Thumb Code     0  startup_stm32f030x6.o(.text)
    FLASH_IRQHandler                         0x080001af   Thumb Code     0  startup_stm32f030x6.o(.text)
    I2C1_IRQHandler                          0x080001af   Thumb Code     0  startup_stm32f030x6.o(.text)
    RCC_IRQHandler                           0x080001af   Thumb Code     0  startup_stm32f030x6.o(.text)
    RTC_IRQHandler                           0x080001af   Thumb Code     0  startup_stm32f030x6.o(.text)
    TIM14_IRQHandler                         0x080001af   Thumb Code     0  startup_stm32f030x6.o(.text)
    TIM17_IRQHandler                         0x080001af   Thumb Code     0  startup_stm32f030x6.o(.text)
    TIM1_BRK_UP_TRG_COM_IRQHandler           0x080001af   Thumb Code     0  startup_stm32f030x6.o(.text)
    TIM1_CC_IRQHandler                       0x080001af   Thumb Code     0  startup_stm32f030x6.o(.text)
    USART1_IRQHandler                        0x080001af   Thumb Code     0  startup_stm32f030x6.o(.text)
    WWDG_IRQHandler                          0x080001af   Thumb Code     0  startup_stm32f030x6.o(.text)
    __user_initial_stackheap                 0x080001b1   Thumb Code     0  startup_stm32f030x6.o(.text)
    _printf_int_hex                          0x080001d5   Thumb Code    84  _printf_hex_int.o(.text)
    _printf_longlong_hex                     0x080001d5   Thumb Code     0  _printf_hex_int.o(.text)
    __aeabi_memcpy                           0x0800022d   Thumb Code   130  rt_memcpy.o(.text)
    __rt_memcpy                              0x0800022d   Thumb Code     0  rt_memcpy.o(.text)
    _memset_w                                0x080002af   Thumb Code    26  rt_memclr.o(.text)
    _memset                                  0x080002c9   Thumb Code    30  rt_memclr.o(.text)
    __aeabi_memclr                           0x080002e7   Thumb Code     4  rt_memclr.o(.text)
    __rt_memclr                              0x080002e7   Thumb Code     0  rt_memclr.o(.text)
    __aeabi_memclr4                          0x080002eb   Thumb Code     0  rt_memclr.o(.text)
    __aeabi_memclr8                          0x080002eb   Thumb Code     0  rt_memclr.o(.text)
    __rt_memclr_w                            0x080002eb   Thumb Code     4  rt_memclr.o(.text)
    __use_two_region_memory                  0x080002ef   Thumb Code     2  heapauxi.o(.text)
    __rt_heap_escrow                         0x080002f1   Thumb Code     2  heapauxi.o(.text)
    __rt_heap_expand                         0x080002f3   Thumb Code     2  heapauxi.o(.text)
    __aeabi_d2f                              0x080002f5   Thumb Code     0  d2f.o(.text)
    _d2f                                     0x080002f5   Thumb Code   120  d2f.o(.text)
    __aeabi_dadd                             0x08000669   Thumb Code     0  daddsub.o(.text)
    _dadd                                    0x08000669   Thumb Code    26  daddsub.o(.text)
    __aeabi_dsub                             0x08000683   Thumb Code     0  daddsub.o(.text)
    _dsub                                    0x08000683   Thumb Code    22  daddsub.o(.text)
    __aeabi_drsub                            0x08000699   Thumb Code     0  daddsub.o(.text)
    _drsb                                    0x08000699   Thumb Code    28  daddsub.o(.text)
    __aeabi_ddiv                             0x080006c9   Thumb Code     0  ddiv.o(.text)
    _ddiv                                    0x080006c9   Thumb Code  1072  ddiv.o(.text)
    _drdiv                                   0x08000af9   Thumb Code    20  ddiv.o(.text)
    __aeabi_i2d_normalise                    0x08000b11   Thumb Code    66  dflti.o(.text)
    __aeabi_i2d                              0x08000b53   Thumb Code    16  dflti.o(.text)
    _dflt                                    0x08000b53   Thumb Code     0  dflti.o(.text)
    __aeabi_ui2d                             0x08000b63   Thumb Code     6  dflti.o(.text)
    _dfltu                                   0x08000b63   Thumb Code     0  dflti.o(.text)
    __aeabi_dmul                             0x08000b69   Thumb Code     0  dmul.o(.text)
    _dmul                                    0x08000b69   Thumb Code   558  dmul.o(.text)
    __aeabi_f2d                              0x08000db1   Thumb Code     0  f2d.o(.text)
    _f2d                                     0x08000db1   Thumb Code    80  f2d.o(.text)
    __aeabi_fdiv                             0x08000e05   Thumb Code     0  fdiv.o(.text)
    _fdiv                                    0x08000e05   Thumb Code   334  fdiv.o(.text)
    _frdiv                                   0x08000f53   Thumb Code     8  fdiv.o(.text)
    __aeabi_i2f_normalise                    0x08000f65   Thumb Code    72  fflti.o(.text)
    __aeabi_i2f                              0x08000fad   Thumb Code    16  fflti.o(.text)
    _fflt                                    0x08000fad   Thumb Code     0  fflti.o(.text)
    __aeabi_ui2f                             0x08000fbd   Thumb Code     6  fflti.o(.text)
    _ffltu                                   0x08000fbd   Thumb Code     0  fflti.o(.text)
    __read_errno                             0x08000fc3   Thumb Code    10  _rserrno.o(.text)
    __set_errno                              0x08000fcd   Thumb Code    12  _rserrno.o(.text)
    _printf_int_common                       0x08000fd9   Thumb Code   176  _printf_intcommon.o(.text)
    __ARM_scalbnf                            0x08001089   Thumb Code    64  fscalbn.o(.text)
    __aeabi_errno_addr                       0x080010cd   Thumb Code     8  rt_errno_addr_intlibspace.o(.text)
    __errno$intlibspace                      0x080010cd   Thumb Code     0  rt_errno_addr_intlibspace.o(.text)
    __rt_errno_addr$intlibspace              0x080010cd   Thumb Code     0  rt_errno_addr_intlibspace.o(.text)
    __fpl_fcmp_InfNaN                        0x080010d5   Thumb Code    96  fcmpin.o(.text)
    __user_libspace                          0x08001139   Thumb Code     8  libspace.o(.text)
    __user_perproc_libspace                  0x08001139   Thumb Code     0  libspace.o(.text)
    __user_perthread_libspace                0x08001139   Thumb Code     0  libspace.o(.text)
    __user_setup_stackheap                   0x08001141   Thumb Code    62  sys_stackheap_outer.o(.text)
    exit                                     0x0800117f   Thumb Code    16  exit.o(.text)
    __fpl_cmpreturn                          0x0800118f   Thumb Code    46  cmpret.o(.text)
    __fpl_fcheck_NaN2                        0x080011bd   Thumb Code    10  fnan2.o(.text)
    __fpl_return_NaN                         0x080011cd   Thumb Code    94  retnan.o(.text)
    _sys_exit                                0x0800122d   Thumb Code     8  sys_exit.o(.text)
    __I$use$semihosting                      0x08001239   Thumb Code     0  use_no_semi.o(.text)
    __use_no_semihosting_swi                 0x08001239   Thumb Code     2  use_no_semi.o(.text)
    __semihosting_library_function           0x0800123b   Thumb Code     0  indicate_semi.o(.text)
    AccRead                                  0x0800123d   Thumb Code   184  bmi055.o(.text.AccRead)
    Bmi055Configure                          0x080012f5   Thumb Code   480  bmi055.o(.text.Bmi055Configure)
    DMA1_Channel2_3_IRQHandler               0x080014d5   Thumb Code    24  stm32f0xx_it.o(.text.DMA1_Channel2_3_IRQHandler)
    Error_Handler                            0x080014ed   Thumb Code     8  main.o(.text.Error_Handler)
    GyroRead                                 0x080014f5   Thumb Code   320  bmi055.o(.text.GyroRead)
    HAL_DMA_Abort_IT                         0x08001635   Thumb Code    70  stm32f0xx_hal_dma.o(.text.HAL_DMA_Abort_IT)
    HAL_DMA_IRQHandler                       0x0800167b   Thumb Code   166  stm32f0xx_hal_dma.o(.text.HAL_DMA_IRQHandler)
    HAL_DMA_Init                             0x08001721   Thumb Code   124  stm32f0xx_hal_dma.o(.text.HAL_DMA_Init)
    HAL_Delay                                0x0800179d   Thumb Code    32  stm32f0xx_hal.o(.text.HAL_Delay)
    HAL_GPIO_Init                            0x080017bd   Thumb Code   456  stm32f0xx_hal_gpio.o(.text.HAL_GPIO_Init)
    HAL_GPIO_ReadPin                         0x08001985   Thumb Code    10  stm32f0xx_hal_gpio.o(.text.HAL_GPIO_ReadPin)
    HAL_GPIO_WritePin                        0x0800198f   Thumb Code    16  stm32f0xx_hal_gpio.o(.text.HAL_GPIO_WritePin)
    HAL_GetTick                              0x080019a1   Thumb Code     8  stm32f0xx_hal.o(.text.HAL_GetTick)
    HAL_IncTick                              0x080019a9   Thumb Code    20  stm32f0xx_hal.o(.text.HAL_IncTick)
    HAL_Init                                 0x080019bd   Thumb Code    28  stm32f0xx_hal.o(.text.HAL_Init)
    HAL_InitTick                             0x080019d9   Thumb Code    64  stm32f0xx_hal.o(.text.HAL_InitTick)
    HAL_MspInit                              0x08001a19   Thumb Code    44  stm32f0xx_hal_msp.o(.text.HAL_MspInit)
    HAL_NVIC_EnableIRQ                       0x08001a45   Thumb Code    24  stm32f0xx_hal_cortex.o(.text.HAL_NVIC_EnableIRQ)
    HAL_NVIC_SetPriority                     0x08001a5d   Thumb Code    64  stm32f0xx_hal_cortex.o(.text.HAL_NVIC_SetPriority)
    HAL_RCCEx_PeriphCLKConfig                0x08001a9d   Thumb Code   264  stm32f0xx_hal_rcc_ex.o(.text.HAL_RCCEx_PeriphCLKConfig)
    HAL_RCC_ClockConfig                      0x08001ba5   Thumb Code   336  stm32f0xx_hal_rcc.o(.text.HAL_RCC_ClockConfig)
    HAL_RCC_GetPCLK1Freq                     0x08001cf5   Thumb Code    28  stm32f0xx_hal_rcc.o(.text.HAL_RCC_GetPCLK1Freq)
    HAL_RCC_GetSysClockFreq                  0x08001d11   Thumb Code    92  stm32f0xx_hal_rcc.o(.text.HAL_RCC_GetSysClockFreq)
    HAL_RCC_OscConfig                        0x08001d6d   Thumb Code   996  stm32f0xx_hal_rcc.o(.text.HAL_RCC_OscConfig)
    HAL_SPI_ErrorCallback                    0x08002151   Thumb Code     2  stm32f0xx_hal_spi.o(.text.HAL_SPI_ErrorCallback)
    HAL_SPI_IRQHandler                       0x08002155   Thumb Code   284  stm32f0xx_hal_spi.o(.text.HAL_SPI_IRQHandler)
    HAL_SPI_Init                             0x08002271   Thumb Code   248  stm32f0xx_hal_spi.o(.text.HAL_SPI_Init)
    HAL_SPI_MspInit                          0x08002369   Thumb Code   220  spi.o(.text.HAL_SPI_MspInit)
    HAL_SPI_Transmit                         0x08002445   Thumb Code   536  stm32f0xx_hal_spi.o(.text.HAL_SPI_Transmit)
    HAL_SPI_TransmitReceive                  0x0800265d   Thumb Code   736  stm32f0xx_hal_spi.o(.text.HAL_SPI_TransmitReceive)
    HAL_SYSTICK_Config                       0x0800293d   Thumb Code    52  stm32f0xx_hal_cortex.o(.text.HAL_SYSTICK_Config)
    HAL_TIMEx_BreakCallback                  0x08002971   Thumb Code     2  stm32f0xx_hal_tim_ex.o(.text.HAL_TIMEx_BreakCallback)
    HAL_TIMEx_CommutCallback                 0x08002973   Thumb Code     2  stm32f0xx_hal_tim_ex.o(.text.HAL_TIMEx_CommutCallback)
    HAL_TIMEx_ConfigBreakDeadTime            0x08002975   Thumb Code    90  stm32f0xx_hal_tim_ex.o(.text.HAL_TIMEx_ConfigBreakDeadTime)
    HAL_TIMEx_MasterConfigSynchronization    0x080029d1   Thumb Code    72  stm32f0xx_hal_tim_ex.o(.text.HAL_TIMEx_MasterConfigSynchronization)
    HAL_TIM_Base_Init                        0x08002a19   Thumb Code   188  stm32f0xx_hal_tim.o(.text.HAL_TIM_Base_Init)
    HAL_TIM_Base_MspInit                     0x08002ad5   Thumb Code   176  tim.o(.text.HAL_TIM_Base_MspInit)
    HAL_TIM_Base_Start                       0x08002b85   Thumb Code    68  stm32f0xx_hal_tim.o(.text.HAL_TIM_Base_Start)
    HAL_TIM_Base_Start_IT                    0x08002bc9   Thumb Code    80  stm32f0xx_hal_tim.o(.text.HAL_TIM_Base_Start_IT)
    HAL_TIM_ConfigClockSource                0x08002c19   Thumb Code   348  stm32f0xx_hal_tim.o(.text.HAL_TIM_ConfigClockSource)
    HAL_TIM_IC_CaptureCallback               0x08002d75   Thumb Code     2  stm32f0xx_hal_tim.o(.text.HAL_TIM_IC_CaptureCallback)
    HAL_TIM_IRQHandler                       0x08002d77   Thumb Code   328  stm32f0xx_hal_tim.o(.text.HAL_TIM_IRQHandler)
    HAL_TIM_OC_DelayElapsedCallback          0x08002ebf   Thumb Code     2  stm32f0xx_hal_tim.o(.text.HAL_TIM_OC_DelayElapsedCallback)
    HAL_TIM_PWM_ConfigChannel                0x08002ec1   Thumb Code   616  stm32f0xx_hal_tim.o(.text.HAL_TIM_PWM_ConfigChannel)
    HAL_TIM_PWM_Init                         0x08003129   Thumb Code   192  stm32f0xx_hal_tim.o(.text.HAL_TIM_PWM_Init)
    HAL_TIM_PWM_MspInit                      0x080031e9   Thumb Code     2  stm32f0xx_hal_tim.o(.text.HAL_TIM_PWM_MspInit)
    HAL_TIM_PWM_PulseFinishedCallback        0x080031eb   Thumb Code     2  stm32f0xx_hal_tim.o(.text.HAL_TIM_PWM_PulseFinishedCallback)
    HAL_TIM_PWM_Start                        0x080031ed   Thumb Code   200  stm32f0xx_hal_tim.o(.text.HAL_TIM_PWM_Start)
    HAL_TIM_PeriodElapsedCallback            0x080032b5   Thumb Code     2  stm32f0xx_hal_tim.o(.text.HAL_TIM_PeriodElapsedCallback)
    HAL_TIM_TriggerCallback                  0x080032b7   Thumb Code     2  stm32f0xx_hal_tim.o(.text.HAL_TIM_TriggerCallback)
    HAL_UART_Init                            0x080032b9   Thumb Code   204  stm32f0xx_hal_uart.o(.text.HAL_UART_Init)
    HAL_UART_MspInit                         0x08003385   Thumb Code   104  usart.o(.text.HAL_UART_MspInit)
    HardFault_Handler                        0x080033ed   Thumb Code     2  stm32f0xx_it.o(.text.HardFault_Handler)
    I2c_Soft_Ask                             0x080033f1   Thumb Code   292  iic.o(.text.I2c_Soft_Ask)
    I2c_Soft_NoAsk                           0x08003515   Thumb Code   296  iic.o(.text.I2c_Soft_NoAsk)
    I2c_Soft_ReadByte                        0x0800363d   Thumb Code   260  iic.o(.text.I2c_Soft_ReadByte)
    I2c_Soft_SendByte                        0x08003741   Thumb Code   268  iic.o(.text.I2c_Soft_SendByte)
    I2c_Soft_Start                           0x0800384d   Thumb Code   288  iic.o(.text.I2c_Soft_Start)
    I2c_Soft_Stop                            0x0800396d   Thumb Code   304  iic.o(.text.I2c_Soft_Stop)
    I2c_Soft_WaitAsk                         0x08003a9d   Thumb Code   316  iic.o(.text.I2c_Soft_WaitAsk)
    IIC_Read_1Byte                           0x08003bd9   Thumb Code    68  iic.o(.text.IIC_Read_1Byte)
    IIC_Write_1Byte                          0x08003c1d   Thumb Code    52  iic.o(.text.IIC_Write_1Byte)
    LowPassFilter_RC_1order                  0x08003c51   Thumb Code    92  cmath.o(.text.LowPassFilter_RC_1order)
    MX_DMA_Init                              0x08003cad   Thumb Code    44  dma.o(.text.MX_DMA_Init)
    MX_GPIO_Init                             0x08003cd9   Thumb Code   188  gpio.o(.text.MX_GPIO_Init)
    MX_SPI1_Init                             0x08003d95   Thumb Code    76  spi.o(.text.MX_SPI1_Init)
    MX_TIM14_Init                            0x08003de1   Thumb Code    52  tim.o(.text.MX_TIM14_Init)
    MX_TIM16_Init                            0x08003e15   Thumb Code    56  tim.o(.text.MX_TIM16_Init)
    MX_TIM1_Init                             0x08003e4d   Thumb Code   292  tim.o(.text.MX_TIM1_Init)
    MX_TIM3_Init                             0x08003f71   Thumb Code   108  tim.o(.text.MX_TIM3_Init)
    MX_USART1_UART_Init                      0x08003fdd   Thumb Code    56  usart.o(.text.MX_USART1_UART_Init)
    NMI_Handler                              0x08004015   Thumb Code     2  stm32f0xx_it.o(.text.NMI_Handler)
    PendSV_Handler                           0x08004017   Thumb Code     2  stm32f0xx_it.o(.text.PendSV_Handler)
    SPI1_IRQHandler                          0x08004019   Thumb Code    16  stm32f0xx_it.o(.text.SPI1_IRQHandler)
    SVC_Handler                              0x08004219   Thumb Code     2  stm32f0xx_it.o(.text.SVC_Handler)
    SquareRootFloat                          0x0800421d   Thumb Code   104  cmath.o(.text.SquareRootFloat)
    SysTick_Handler                          0x08004285   Thumb Code     8  stm32f0xx_it.o(.text.SysTick_Handler)
    SystemInit                               0x0800428d   Thumb Code     2  system_stm32f0xx.o(.text.SystemInit)
    TIM16_IRQHandler                         0x08004291   Thumb Code    64  bmi055_fun.o(.text.TIM16_IRQHandler)
    TIM3_IRQHandler                          0x080042d1   Thumb Code   140  spl06_func.o(.text.TIM3_IRQHandler)
    UART_AdvFeatureConfig                    0x0800435d   Thumb Code   210  stm32f0xx_hal_uart.o(.text.UART_AdvFeatureConfig)
    UART_SetConfig                           0x08004431   Thumb Code   272  stm32f0xx_hal_uart.o(.text.UART_SetConfig)
    UART_WaitOnFlagUntilTimeout              0x08004541   Thumb Code   270  stm32f0xx_hal_uart.o(.text.UART_WaitOnFlagUntilTimeout)
    f_abs                                    0x0800464f   Thumb Code     8  cmath.o(.text.f_abs)
    kf_imu                                   0x08004659   Thumb Code   732  bmi055.o(.text.kf_imu)
    main                                     0x08004935   Thumb Code   260  main.o(.text.main)
    spl0601_get_calib_param                  0x08004a39   Thumb Code   408  spl06_001.o(.text.spl0601_get_calib_param)
    spl0601_get_pressure                     0x08004bd1   Thumb Code   228  spl06_001.o(.text.spl0601_get_pressure)
    spl0601_init                             0x08004cb5   Thumb Code   160  spl06_001.o(.text.spl0601_init)
    user_spl0601_get_presure                 0x08004d55   Thumb Code    80  spl06_001.o(.text.user_spl0601_get_presure)
    user_spl0601_get_temperature             0x08004da5   Thumb Code   164  spl06_001.o(.text.user_spl0601_get_temperature)
    __aeabi_uidiv                            0x08004e49   Thumb Code    68  aeabi_sdivfast.o(.text_divfast)
    __aeabi_idiv                             0x08004e8d   Thumb Code   434  aeabi_sdivfast.o(.text_divfast)
    __ARM_fpclassifyf                        0x0800503f   Thumb Code    34  fpclassifyf.o(i.__ARM_fpclassifyf)
    __mathlib_flt_infnan2                    0x08005061   Thumb Code     8  funder.o(i.__mathlib_flt_infnan2)
    __mathlib_flt_underflow                  0x08005069   Thumb Code    14  funder.o(i.__mathlib_flt_underflow)
    __aeabi_fcmpge                           0x08005077   Thumb Code     0  fcmp.o(i._fgeq)
    _fgeq                                    0x08005077   Thumb Code    22  fcmp.o(i._fgeq)
    __aeabi_fcmpgt                           0x0800508d   Thumb Code     0  fcmp.o(i._fgr)
    _fgr                                     0x0800508d   Thumb Code    22  fcmp.o(i._fgr)
    atan2f                                   0x080050a5   Thumb Code   592  atan2f.o(i.atan2f)
    __aeabi_fadd                             0x08005341   Thumb Code     0  faddsub.o(x$fpl$fadd)
    _fadd                                    0x08005341   Thumb Code   134  faddsub.o(x$fpl$fadd)
    _fcmpge                                  0x080053cd   Thumb Code    78  fgef.o(x$fpl$fgeqf)
    __aeabi_fmul                             0x08005421   Thumb Code     0  fmul.o(x$fpl$fmul)
    _fmul                                    0x08005421   Thumb Code   172  fmul.o(x$fpl$fmul)
    __aeabi_frsub                            0x080054d1   Thumb Code     0  faddsub.o(x$fpl$frsb)
    _frsb                                    0x080054d1   Thumb Code    24  faddsub.o(x$fpl$frsb)
    __aeabi_fsub                             0x080054e9   Thumb Code     0  faddsub.o(x$fpl$fsub)
    _fsub                                    0x080054e9   Thumb Code   204  faddsub.o(x$fpl$fsub)
    __I$use$fp                               0x080055b8   Number         0  usenofp.o(x$fpl$usenofp)
    AHBPrescTable                            0x080056a0   Data          16  system_stm32f0xx.o(.rodata.AHBPrescTable)
    APBPrescTable                            0x080056b0   Data           8  system_stm32f0xx.o(.rodata.APBPrescTable)
    Region$$Table$$Base                      0x080056d8   Number         0  anon$$obj.o(Region$$Table)
    Region$$Table$$Limit                     0x080056f8   Number         0  anon$$obj.o(Region$$Table)
    uwTickFreq                               0x20000000   Data           1  stm32f0xx_hal.o(.data..L_MergedGlobals)
    uwTickPrio                               0x20000004   Data           4  stm32f0xx_hal.o(.data..L_MergedGlobals)
    SystemCoreClock                          0x20000008   Data           4  system_stm32f0xx.o(.data.SystemCoreClock)
    cali_status                              0x2000000c   Data           1  bmi055.o(.data.cali_status)
    __libspace_start                         0x20000010   Data          96  libspace.o(.bss)
    __temporary_stack_top$libspace           0x20000070   Data           0  libspace.o(.bss)
    spl06                                    0x20000094   Data          20  spl06_001.o(.bss..L_MergedGlobals)
    Acc_id                                   0x200000a8   Data           1  bmi055.o(.bss..L_MergedGlobals)
    Gyro_Id                                  0x200000a9   Data           1  bmi055.o(.bss..L_MergedGlobals)
    GYRO_bias                                0x200000ac   Data          12  bmi055.o(.bss..L_MergedGlobals)
    gyro_cali                                0x200000b8   Data          12  bmi055.o(.bss..L_MergedGlobals)
    gyro_cali_total                          0x200000c4   Data          12  bmi055.o(.bss..L_MergedGlobals)
    imu_data                                 0x200000d0   Data          36  bmi055.o(.bss..L_MergedGlobals)
    kf_pit                                   0x200000f4   Data          44  bmi055.o(.bss..L_MergedGlobals)
    run_time_imu                             0x20000120   Data           2  bmi055_fun.o(.bss..L_MergedGlobals)
    ACC_deal                                 0x20000124   Data          12  bmi055_fun.o(.bss..L_MergedGlobals)
    GYRO_deal                                0x20000130   Data          12  bmi055_fun.o(.bss..L_MergedGlobals)
    TempPid                                  0x2000013c   Data          12  main.o(.bss.TempPid)
    hdma_spi1_rx                             0x20000148   Data          68  spi.o(.bss.hdma_spi1_rx)
    hdma_spi1_tx                             0x2000018c   Data          68  spi.o(.bss.hdma_spi1_tx)
    heightManager                            0x200001d0   Data          28  spl06_func.o(.bss.heightManager)
    hspi1                                    0x200001ec   Data         100  spi.o(.bss.hspi1)
    htim1                                    0x20000250   Data          72  tim.o(.bss.htim1)
    htim14                                   0x20000298   Data          72  tim.o(.bss.htim14)
    htim16                                   0x200002e0   Data          72  tim.o(.bss.htim16)
    htim3                                    0x20000328   Data          72  tim.o(.bss.htim3)
    huart1                                   0x20000370   Data         132  usart.o(.bss.huart1)
    kf_rol                                   0x200003f4   Data          44  bmi055.o(.bss.kf_rol)
    uwTick                                   0x20000420   Data           4  stm32f0xx_hal.o(.bss.uwTick)



==============================================================================

Memory Map of the image

  Image Entry point : 0x080000b1

  Load Region LR_IROM1 (Base: 0x08000000, Size: 0x00005708, Max: 0x00008000, ABSOLUTE)

    Execution Region ER_IROM1 (Exec base: 0x08000000, Load base: 0x08000000, Size: 0x000056f8, Max: 0x00008000, ABSOLUTE)

    Exec Addr    Load Addr    Size         Type   Attr      Idx    E Section Name        Object

    0x08000000   0x08000000   0x000000b0   Data   RO            3    RESET               startup_stm32f030x6.o
    0x080000b0   0x080000b0   0x00000008   Code   RO         1462  * !!!main             c_p.l(__main.o)
    0x080000b8   0x080000b8   0x0000003c   Code   RO         1888    !!!scatter          c_p.l(__scatter.o)
    0x080000f4   0x080000f4   0x0000001a   Code   RO         1890    !!handler_copy      c_p.l(__scatter_copy.o)
    0x0800010e   0x0800010e   0x00000002   PAD
    0x08000110   0x08000110   0x0000001c   Code   RO         1892    !!handler_zi        c_p.l(__scatter_zi.o)
    0x0800012c   0x0800012c   0x00000002   Code   RO         1445    .ARM.Collect$$_printf_percent$$00000000  c_p.l(_printf_percent.o)
    0x0800012e   0x0800012e   0x0000000a   Code   RO         1444    .ARM.Collect$$_printf_percent$$0000000C  c_p.l(_printf_x.o)
    0x08000138   0x08000138   0x00000004   Code   RO         1527    .ARM.Collect$$_printf_percent$$00000017  c_p.l(_printf_percent_end.o)
    0x0800013c   0x0800013c   0x00000002   Code   RO         1690    .ARM.Collect$$libinit$$00000000  c_p.l(libinit.o)
    0x0800013e   0x0800013e   0x00000000   Code   RO         1692    .ARM.Collect$$libinit$$00000002  c_p.l(libinit2.o)
    0x0800013e   0x0800013e   0x00000000   Code   RO         1694    .ARM.Collect$$libinit$$00000004  c_p.l(libinit2.o)
    0x0800013e   0x0800013e   0x00000000   Code   RO         1697    .ARM.Collect$$libinit$$0000000A  c_p.l(libinit2.o)
    0x0800013e   0x0800013e   0x00000000   Code   RO         1699    .ARM.Collect$$libinit$$0000000C  c_p.l(libinit2.o)
    0x0800013e   0x0800013e   0x00000000   Code   RO         1701    .ARM.Collect$$libinit$$0000000E  c_p.l(libinit2.o)
    0x0800013e   0x0800013e   0x00000000   Code   RO         1704    .ARM.Collect$$libinit$$00000011  c_p.l(libinit2.o)
    0x0800013e   0x0800013e   0x00000000   Code   RO         1706    .ARM.Collect$$libinit$$00000013  c_p.l(libinit2.o)
    0x0800013e   0x0800013e   0x00000000   Code   RO         1708    .ARM.Collect$$libinit$$00000015  c_p.l(libinit2.o)
    0x0800013e   0x0800013e   0x00000000   Code   RO         1710    .ARM.Collect$$libinit$$00000017  c_p.l(libinit2.o)
    0x0800013e   0x0800013e   0x00000000   Code   RO         1712    .ARM.Collect$$libinit$$00000019  c_p.l(libinit2.o)
    0x0800013e   0x0800013e   0x00000000   Code   RO         1714    .ARM.Collect$$libinit$$0000001B  c_p.l(libinit2.o)
    0x0800013e   0x0800013e   0x00000000   Code   RO         1716    .ARM.Collect$$libinit$$0000001D  c_p.l(libinit2.o)
    0x0800013e   0x0800013e   0x00000000   Code   RO         1718    .ARM.Collect$$libinit$$0000001F  c_p.l(libinit2.o)
    0x0800013e   0x0800013e   0x00000000   Code   RO         1720    .ARM.Collect$$libinit$$00000021  c_p.l(libinit2.o)
    0x0800013e   0x0800013e   0x00000000   Code   RO         1722    .ARM.Collect$$libinit$$00000023  c_p.l(libinit2.o)
    0x0800013e   0x0800013e   0x00000000   Code   RO         1724    .ARM.Collect$$libinit$$00000025  c_p.l(libinit2.o)
    0x0800013e   0x0800013e   0x00000000   Code   RO         1728    .ARM.Collect$$libinit$$0000002C  c_p.l(libinit2.o)
    0x0800013e   0x0800013e   0x00000000   Code   RO         1730    .ARM.Collect$$libinit$$0000002E  c_p.l(libinit2.o)
    0x0800013e   0x0800013e   0x00000000   Code   RO         1732    .ARM.Collect$$libinit$$00000030  c_p.l(libinit2.o)
    0x0800013e   0x0800013e   0x00000000   Code   RO         1734    .ARM.Collect$$libinit$$00000032  c_p.l(libinit2.o)
    0x0800013e   0x0800013e   0x00000002   Code   RO         1735    .ARM.Collect$$libinit$$00000033  c_p.l(libinit2.o)
    0x08000140   0x08000140   0x00000002   Code   RO         1869    .ARM.Collect$$libshutdown$$00000000  c_p.l(libshutdown.o)
    0x08000142   0x08000142   0x00000000   Code   RO         1737    .ARM.Collect$$libshutdown$$00000002  c_p.l(libshutdown2.o)
    0x08000142   0x08000142   0x00000000   Code   RO         1739    .ARM.Collect$$libshutdown$$00000004  c_p.l(libshutdown2.o)
    0x08000142   0x08000142   0x00000000   Code   RO         1742    .ARM.Collect$$libshutdown$$00000007  c_p.l(libshutdown2.o)
    0x08000142   0x08000142   0x00000000   Code   RO         1745    .ARM.Collect$$libshutdown$$0000000A  c_p.l(libshutdown2.o)
    0x08000142   0x08000142   0x00000000   Code   RO         1747    .ARM.Collect$$libshutdown$$0000000C  c_p.l(libshutdown2.o)
    0x08000142   0x08000142   0x00000000   Code   RO         1750    .ARM.Collect$$libshutdown$$0000000F  c_p.l(libshutdown2.o)
    0x08000142   0x08000142   0x00000002   Code   RO         1751    .ARM.Collect$$libshutdown$$00000010  c_p.l(libshutdown2.o)
    0x08000144   0x08000144   0x00000000   Code   RO         1516    .ARM.Collect$$rtentry$$00000000  c_p.l(__rtentry.o)
    0x08000144   0x08000144   0x00000000   Code   RO         1562    .ARM.Collect$$rtentry$$00000002  c_p.l(__rtentry2.o)
    0x08000144   0x08000144   0x00000006   Code   RO         1574    .ARM.Collect$$rtentry$$00000004  c_p.l(__rtentry4.o)
    0x0800014a   0x0800014a   0x00000000   Code   RO         1564    .ARM.Collect$$rtentry$$00000009  c_p.l(__rtentry2.o)
    0x0800014a   0x0800014a   0x00000004   Code   RO         1565    .ARM.Collect$$rtentry$$0000000A  c_p.l(__rtentry2.o)
    0x0800014e   0x0800014e   0x00000000   Code   RO         1567    .ARM.Collect$$rtentry$$0000000C  c_p.l(__rtentry2.o)
    0x0800014e   0x0800014e   0x00000008   Code   RO         1568    .ARM.Collect$$rtentry$$0000000D  c_p.l(__rtentry2.o)
    0x08000156   0x08000156   0x00000002   Code   RO         1761    .ARM.Collect$$rtexit$$00000000  c_p.l(rtexit.o)
    0x08000158   0x08000158   0x00000000   Code   RO         1814    .ARM.Collect$$rtexit$$00000002  c_p.l(rtexit2.o)
    0x08000158   0x08000158   0x00000004   Code   RO         1815    .ARM.Collect$$rtexit$$00000003  c_p.l(rtexit2.o)
    0x0800015c   0x0800015c   0x00000006   Code   RO         1816    .ARM.Collect$$rtexit$$00000004  c_p.l(rtexit2.o)
    0x08000162   0x08000162   0x00000002   PAD
    0x08000164   0x08000164   0x00000038   Code   RO         1446    .emb_text           c_p.l(rt_memcpy.o)
    0x0800019c   0x0800019c   0x00000038   Code   RO            4    .text               startup_stm32f030x6.o
    0x080001d4   0x080001d4   0x00000058   Code   RO         1406    .text               c_p.l(_printf_hex_int.o)
    0x0800022c   0x0800022c   0x00000082   Code   RO         1447    .text               c_p.l(rt_memcpy.o)
    0x080002ae   0x080002ae   0x00000040   Code   RO         1450    .text               c_p.l(rt_memclr.o)
    0x080002ee   0x080002ee   0x00000006   Code   RO         1460    .text               c_p.l(heapauxi.o)
    0x080002f4   0x080002f4   0x0000007c   Code   RO         1464    .text               fz_ps.l(d2f.o)
    0x08000370   0x08000370   0x00000358   Code   RO         1466    .text               fz_ps.l(daddsub.o)
    0x080006c8   0x080006c8   0x00000448   Code   RO         1468    .text               fz_ps.l(ddiv.o)
    0x08000b10   0x08000b10   0x00000058   Code   RO         1471    .text               fz_ps.l(dflti.o)
    0x08000b68   0x08000b68   0x00000248   Code   RO         1473    .text               fz_ps.l(dmul.o)
    0x08000db0   0x08000db0   0x00000054   Code   RO         1475    .text               fz_ps.l(f2d.o)
    0x08000e04   0x08000e04   0x00000160   Code   RO         1495    .text               fz_ps.l(fdiv.o)
    0x08000f64   0x08000f64   0x0000005e   Code   RO         1500    .text               fz_ps.l(fflti.o)
    0x08000fc2   0x08000fc2   0x00000016   Code   RO         1521    .text               c_p.l(_rserrno.o)
    0x08000fd8   0x08000fd8   0x000000b0   Code   RO         1523    .text               c_p.l(_printf_intcommon.o)
    0x08001088   0x08001088   0x00000044   Code   RO         1540    .text               fz_ps.l(fscalbn.o)
    0x080010cc   0x080010cc   0x00000008   Code   RO         1581    .text               c_p.l(rt_errno_addr_intlibspace.o)
    0x080010d4   0x080010d4   0x00000064   Code   RO         1593    .text               fz_ps.l(fcmpin.o)
    0x08001138   0x08001138   0x00000008   Code   RO         1598    .text               c_p.l(libspace.o)
    0x08001140   0x08001140   0x0000003e   Code   RO         1603    .text               c_p.l(sys_stackheap_outer.o)
    0x0800117e   0x0800117e   0x00000010   Code   RO         1675    .text               c_p.l(exit.o)
    0x0800118e   0x0800118e   0x0000002e   Code   RO         1752    .text               fz_ps.l(cmpret.o)
    0x080011bc   0x080011bc   0x00000010   Code   RO         1754    .text               fz_ps.l(fnan2.o)
    0x080011cc   0x080011cc   0x0000005e   Code   RO         1804    .text               fz_ps.l(retnan.o)
    0x0800122a   0x0800122a   0x00000002   PAD
    0x0800122c   0x0800122c   0x0000000c   Code   RO         1806    .text               c_p.l(sys_exit.o)
    0x08001238   0x08001238   0x00000002   Code   RO         1810    .text               c_p.l(use_no_semi.o)
    0x0800123a   0x0800123a   0x00000000   Code   RO         1812    .text               c_p.l(indicate_semi.o)
    0x0800123a   0x0800123a   0x00000002   PAD
    0x0800123c   0x0800123c   0x000000b8   Code   RO         1298    .text.AccRead       bmi055.o
    0x080012f4   0x080012f4   0x000001e0   Code   RO         1292    .text.Bmi055Configure  bmi055.o
    0x080014d4   0x080014d4   0x00000018   Code   RO          115    .text.DMA1_Channel2_3_IRQHandler  stm32f0xx_it.o
    0x080014ec   0x080014ec   0x00000008   Code   RO           15    .text.Error_Handler  main.o
    0x080014f4   0x080014f4   0x00000140   Code   RO         1302    .text.GyroRead      bmi055.o
    0x08001634   0x08001634   0x00000046   Code   RO          555    .text.HAL_DMA_Abort_IT  stm32f0xx_hal_dma.o
    0x0800167a   0x0800167a   0x000000a6   Code   RO          559    .text.HAL_DMA_IRQHandler  stm32f0xx_hal_dma.o
    0x08001720   0x08001720   0x0000007c   Code   RO          545    .text.HAL_DMA_Init  stm32f0xx_hal_dma.o
    0x0800179c   0x0800179c   0x00000020   Code   RO          322    .text.HAL_Delay     stm32f0xx_hal.o
    0x080017bc   0x080017bc   0x000001c8   Code   RO          521    .text.HAL_GPIO_Init  stm32f0xx_hal_gpio.o
    0x08001984   0x08001984   0x0000000a   Code   RO          525    .text.HAL_GPIO_ReadPin  stm32f0xx_hal_gpio.o
    0x0800198e   0x0800198e   0x00000010   Code   RO          527    .text.HAL_GPIO_WritePin  stm32f0xx_hal_gpio.o
    0x0800199e   0x0800199e   0x00000002   PAD
    0x080019a0   0x080019a0   0x00000008   Code   RO          314    .text.HAL_GetTick   stm32f0xx_hal.o
    0x080019a8   0x080019a8   0x00000014   Code   RO          312    .text.HAL_IncTick   stm32f0xx_hal.o
    0x080019bc   0x080019bc   0x0000001c   Code   RO          302    .text.HAL_Init      stm32f0xx_hal.o
    0x080019d8   0x080019d8   0x00000040   Code   RO          304    .text.HAL_InitTick  stm32f0xx_hal.o
    0x08001a18   0x08001a18   0x0000002c   Code   RO          126    .text.HAL_MspInit   stm32f0xx_hal_msp.o
    0x08001a44   0x08001a44   0x00000018   Code   RO          579    .text.HAL_NVIC_EnableIRQ  stm32f0xx_hal_cortex.o
    0x08001a5c   0x08001a5c   0x00000040   Code   RO          577    .text.HAL_NVIC_SetPriority  stm32f0xx_hal_cortex.o
    0x08001a9c   0x08001a9c   0x00000108   Code   RO          288    .text.HAL_RCCEx_PeriphCLKConfig  stm32f0xx_hal_rcc_ex.o
    0x08001ba4   0x08001ba4   0x00000150   Code   RO          257    .text.HAL_RCC_ClockConfig  stm32f0xx_hal_rcc.o
    0x08001cf4   0x08001cf4   0x0000001c   Code   RO          269    .text.HAL_RCC_GetPCLK1Freq  stm32f0xx_hal_rcc.o
    0x08001d10   0x08001d10   0x0000005c   Code   RO          259    .text.HAL_RCC_GetSysClockFreq  stm32f0xx_hal_rcc.o
    0x08001d6c   0x08001d6c   0x000003e4   Code   RO          255    .text.HAL_RCC_OscConfig  stm32f0xx_hal_rcc.o
    0x08002150   0x08002150   0x00000002   Code   RO          218    .text.HAL_SPI_ErrorCallback  stm32f0xx_hal_spi.o
    0x08002152   0x08002152   0x00000002   PAD
    0x08002154   0x08002154   0x0000011c   Code   RO          214    .text.HAL_SPI_IRQHandler  stm32f0xx_hal_spi.o
    0x08002270   0x08002270   0x000000f8   Code   RO          134    .text.HAL_SPI_Init  stm32f0xx_hal_spi.o
    0x08002368   0x08002368   0x000000dc   Code   RO           45    .text.HAL_SPI_MspInit  spi.o
    0x08002444   0x08002444   0x00000218   Code   RO          142    .text.HAL_SPI_Transmit  stm32f0xx_hal_spi.o
    0x0800265c   0x0800265c   0x000002e0   Code   RO          146    .text.HAL_SPI_TransmitReceive  stm32f0xx_hal_spi.o
    0x0800293c   0x0800293c   0x00000034   Code   RO          585    .text.HAL_SYSTICK_Config  stm32f0xx_hal_cortex.o
    0x08002970   0x08002970   0x00000002   Code   RO         1028    .text.HAL_TIMEx_BreakCallback  stm32f0xx_hal_tim_ex.o
    0x08002972   0x08002972   0x00000002   Code   RO         1024    .text.HAL_TIMEx_CommutCallback  stm32f0xx_hal_tim_ex.o
    0x08002974   0x08002974   0x0000005a   Code   RO         1020    .text.HAL_TIMEx_ConfigBreakDeadTime  stm32f0xx_hal_tim_ex.o
    0x080029ce   0x080029ce   0x00000002   PAD
    0x080029d0   0x080029d0   0x00000048   Code   RO         1018    .text.HAL_TIMEx_MasterConfigSynchronization  stm32f0xx_hal_tim_ex.o
    0x08002a18   0x08002a18   0x000000bc   Code   RO          723    .text.HAL_TIM_Base_Init  stm32f0xx_hal_tim.o
    0x08002ad4   0x08002ad4   0x000000b0   Code   RO           70    .text.HAL_TIM_Base_MspInit  tim.o
    0x08002b84   0x08002b84   0x00000044   Code   RO          733    .text.HAL_TIM_Base_Start  stm32f0xx_hal_tim.o
    0x08002bc8   0x08002bc8   0x00000050   Code   RO          737    .text.HAL_TIM_Base_Start_IT  stm32f0xx_hal_tim.o
    0x08002c18   0x08002c18   0x0000015c   Code   RO          903    .text.HAL_TIM_ConfigClockSource  stm32f0xx_hal_tim.o
    0x08002d74   0x08002d74   0x00000002   Code   RO          859    .text.HAL_TIM_IC_CaptureCallback  stm32f0xx_hal_tim.o
    0x08002d76   0x08002d76   0x00000148   Code   RO          857    .text.HAL_TIM_IRQHandler  stm32f0xx_hal_tim.o
    0x08002ebe   0x08002ebe   0x00000002   Code   RO          861    .text.HAL_TIM_OC_DelayElapsedCallback  stm32f0xx_hal_tim.o
    0x08002ec0   0x08002ec0   0x00000268   Code   RO          877    .text.HAL_TIM_PWM_ConfigChannel  stm32f0xx_hal_tim.o
    0x08003128   0x08003128   0x000000c0   Code   RO          777    .text.HAL_TIM_PWM_Init  stm32f0xx_hal_tim.o
    0x080031e8   0x080031e8   0x00000002   Code   RO          779    .text.HAL_TIM_PWM_MspInit  stm32f0xx_hal_tim.o
    0x080031ea   0x080031ea   0x00000002   Code   RO          863    .text.HAL_TIM_PWM_PulseFinishedCallback  stm32f0xx_hal_tim.o
    0x080031ec   0x080031ec   0x000000c8   Code   RO          785    .text.HAL_TIM_PWM_Start  stm32f0xx_hal_tim.o
    0x080032b4   0x080032b4   0x00000002   Code   RO          865    .text.HAL_TIM_PeriodElapsedCallback  stm32f0xx_hal_tim.o
    0x080032b6   0x080032b6   0x00000002   Code   RO          867    .text.HAL_TIM_TriggerCallback  stm32f0xx_hal_tim.o
    0x080032b8   0x080032b8   0x000000cc   Code   RO         1042    .text.HAL_UART_Init  stm32f0xx_hal_uart.o
    0x08003384   0x08003384   0x00000068   Code   RO           88    .text.HAL_UART_MspInit  usart.o
    0x080033ec   0x080033ec   0x00000002   Code   RO          107    .text.HardFault_Handler  stm32f0xx_it.o
    0x080033ee   0x080033ee   0x00000002   PAD
    0x080033f0   0x080033f0   0x00000124   Code   RO         1213    .text.I2c_Soft_Ask  iic.o
    0x08003514   0x08003514   0x00000128   Code   RO         1215    .text.I2c_Soft_NoAsk  iic.o
    0x0800363c   0x0800363c   0x00000104   Code   RO         1221    .text.I2c_Soft_ReadByte  iic.o
    0x08003740   0x08003740   0x0000010c   Code   RO         1219    .text.I2c_Soft_SendByte  iic.o
    0x0800384c   0x0800384c   0x00000120   Code   RO         1209    .text.I2c_Soft_Start  iic.o
    0x0800396c   0x0800396c   0x00000130   Code   RO         1211    .text.I2c_Soft_Stop  iic.o
    0x08003a9c   0x08003a9c   0x0000013c   Code   RO         1217    .text.I2c_Soft_WaitAsk  iic.o
    0x08003bd8   0x08003bd8   0x00000044   Code   RO         1225    .text.IIC_Read_1Byte  iic.o
    0x08003c1c   0x08003c1c   0x00000034   Code   RO         1223    .text.IIC_Write_1Byte  iic.o
    0x08003c50   0x08003c50   0x0000005c   Code   RO         1332    .text.LowPassFilter_RC_1order  cmath.o
    0x08003cac   0x08003cac   0x0000002c   Code   RO           35    .text.MX_DMA_Init   dma.o
    0x08003cd8   0x08003cd8   0x000000bc   Code   RO           27    .text.MX_GPIO_Init  gpio.o
    0x08003d94   0x08003d94   0x0000004c   Code   RO           43    .text.MX_SPI1_Init  spi.o
    0x08003de0   0x08003de0   0x00000034   Code   RO           66    .text.MX_TIM14_Init  tim.o
    0x08003e14   0x08003e14   0x00000038   Code   RO           68    .text.MX_TIM16_Init  tim.o
    0x08003e4c   0x08003e4c   0x00000124   Code   RO           60    .text.MX_TIM1_Init  tim.o
    0x08003f70   0x08003f70   0x0000006c   Code   RO           64    .text.MX_TIM3_Init  tim.o
    0x08003fdc   0x08003fdc   0x00000038   Code   RO           86    .text.MX_USART1_UART_Init  usart.o
    0x08004014   0x08004014   0x00000002   Code   RO          105    .text.NMI_Handler   stm32f0xx_it.o
    0x08004016   0x08004016   0x00000002   Code   RO          111    .text.PendSV_Handler  stm32f0xx_it.o
    0x08004018   0x08004018   0x00000010   Code   RO          117    .text.SPI1_IRQHandler  stm32f0xx_it.o
    0x08004028   0x08004028   0x00000012   Code   RO          216    .text.SPI_DMAAbortOnError  stm32f0xx_hal_spi.o
    0x0800403a   0x0800403a   0x00000002   PAD
    0x0800403c   0x0800403c   0x0000011c   Code   RO          196    .text.SPI_WaitFifoStateUntilTimeout  stm32f0xx_hal_spi.o
    0x08004158   0x08004158   0x000000c0   Code   RO          198    .text.SPI_WaitFlagStateUntilTimeout  stm32f0xx_hal_spi.o
    0x08004218   0x08004218   0x00000002   Code   RO          109    .text.SVC_Handler   stm32f0xx_it.o
    0x0800421a   0x0800421a   0x00000002   PAD
    0x0800421c   0x0800421c   0x00000068   Code   RO         1344    .text.SquareRootFloat  cmath.o
    0x08004284   0x08004284   0x00000008   Code   RO          113    .text.SysTick_Handler  stm32f0xx_it.o
    0x0800428c   0x0800428c   0x00000002   Code   RO         1190    .text.SystemInit    system_stm32f0xx.o
    0x0800428e   0x0800428e   0x00000002   PAD
    0x08004290   0x08004290   0x00000040   Code   RO         1385    .text.TIM16_IRQHandler  bmi055_fun.o
    0x080042d0   0x080042d0   0x0000008c   Code   RO         1375    .text.TIM3_IRQHandler  spl06_func.o
    0x0800435c   0x0800435c   0x000000d2   Code   RO         1048    .text.UART_AdvFeatureConfig  stm32f0xx_hal_uart.o
    0x0800442e   0x0800442e   0x00000002   PAD
    0x08004430   0x08004430   0x00000110   Code   RO         1046    .text.UART_SetConfig  stm32f0xx_hal_uart.o
    0x08004540   0x08004540   0x0000010e   Code   RO         1062    .text.UART_WaitOnFlagUntilTimeout  stm32f0xx_hal_uart.o
    0x0800464e   0x0800464e   0x00000008   Code   RO         1342    .text.f_abs         cmath.o
    0x08004656   0x08004656   0x00000002   PAD
    0x08004658   0x08004658   0x000002dc   Code   RO         1304    .text.kf_imu        bmi055.o
    0x08004934   0x08004934   0x00000104   Code   RO           11    .text.main          main.o
    0x08004a38   0x08004a38   0x00000198   Code   RO         1266    .text.spl0601_get_calib_param  spl06_001.o
    0x08004bd0   0x08004bd0   0x000000e4   Code   RO         1276    .text.spl0601_get_pressure  spl06_001.o
    0x08004cb4   0x08004cb4   0x000000a0   Code   RO         1268    .text.spl0601_init  spl06_001.o
    0x08004d54   0x08004d54   0x00000050   Code   RO         1280    .text.user_spl0601_get_presure  spl06_001.o
    0x08004da4   0x08004da4   0x000000a4   Code   RO         1278    .text.user_spl0601_get_temperature  spl06_001.o
    0x08004e48   0x08004e48   0x000001f6   Code   RO         1453    .text_divfast       c_p.l(aeabi_sdivfast.o)
    0x0800503e   0x0800503e   0x00000022   Code   RO         1545    i.__ARM_fpclassifyf  m_ps.l(fpclassifyf.o)
    0x08005060   0x08005060   0x00000008   Code   RO         1549    i.__mathlib_flt_infnan2  m_ps.l(funder.o)
    0x08005068   0x08005068   0x0000000e   Code   RO         1553    i.__mathlib_flt_underflow  m_ps.l(funder.o)
    0x08005076   0x08005076   0x00000016   Code   RO         1484    i._fgeq             fz_ps.l(fcmp.o)
    0x0800508c   0x0800508c   0x00000016   Code   RO         1485    i._fgr              fz_ps.l(fcmp.o)
    0x080050a2   0x080050a2   0x00000002   PAD
    0x080050a4   0x080050a4   0x0000029c   Code   RO         1509    i.atan2f            m_ps.l(atan2f.o)
    0x08005340   0x08005340   0x0000008c   Code   RO         1477    x$fpl$fadd          fz_ps.l(faddsub.o)
    0x080053cc   0x080053cc   0x00000054   Code   RO         1536    x$fpl$fgeqf         fz_ps.l(fgef.o)
    0x08005420   0x08005420   0x000000b0   Code   RO         1502    x$fpl$fmul          fz_ps.l(fmul.o)
    0x080054d0   0x080054d0   0x00000018   Code   RO         1478    x$fpl$frsb          fz_ps.l(faddsub.o)
    0x080054e8   0x080054e8   0x000000d0   Code   RO         1479    x$fpl$fsub          fz_ps.l(faddsub.o)
    0x080055b8   0x080055b8   0x00000000   Code   RO         1544    x$fpl$usenofp       fz_ps.l(usenofp.o)
    0x080055b8   0x080055b8   0x00000028   Data   RO         1407    .constdata          c_p.l(_printf_hex_int.o)
    0x080055e0   0x080055e0   0x00000080   Data   RO         1469    .constdata          fz_ps.l(ddiv.o)
    0x08005660   0x08005660   0x00000040   Data   RO         1496    .constdata          fz_ps.l(fdiv.o)
    0x080056a0   0x080056a0   0x00000010   Data   RO         1195    .rodata.AHBPrescTable  system_stm32f0xx.o
    0x080056b0   0x080056b0   0x00000008   Data   RO         1196    .rodata.APBPrescTable  system_stm32f0xx.o
    0x080056b8   0x080056b8   0x00000020   Data   RO          279    .rodata.cst16       stm32f0xx_hal_rcc.o
    0x080056d8   0x080056d8   0x00000020   Data   RO         1887    Region$$Table       anon$$obj.o


    Execution Region RW_IRAM1 (Exec base: 0x20000000, Load base: 0x080056f8, Size: 0x00000a28, Max: 0x00001000, ABSOLUTE)

    Exec Addr    Load Addr    Size         Type   Attr      Idx    E Section Name        Object

    0x20000000   0x080056f8   0x00000008   Data   RW          349    .data..L_MergedGlobals  stm32f0xx_hal.o
    0x20000008   0x08005700   0x00000004   Data   RW         1194    .data.SystemCoreClock  system_stm32f0xx.o
    0x2000000c   0x08005704   0x00000001   Data   RW         1306    .data.cali_status   bmi055.o
    0x2000000d   0x08005705   0x00000003   PAD
    0x20000010        -       0x00000060   Zero   RW         1599    .bss                c_p.l(libspace.o)
    0x20000070        -       0x00000038   Zero   RW         1283    .bss..L_MergedGlobals  spl06_001.o
    0x200000a8        -       0x00000078   Zero   RW         1309    .bss..L_MergedGlobals  bmi055.o
    0x20000120        -       0x0000001c   Zero   RW         1387    .bss..L_MergedGlobals  bmi055_fun.o
    0x2000013c        -       0x0000000c   Zero   RW           18    .bss.TempPid        main.o
    0x20000148        -       0x00000044   Zero   RW           50    .bss.hdma_spi1_rx   spi.o
    0x2000018c        -       0x00000044   Zero   RW           51    .bss.hdma_spi1_tx   spi.o
    0x200001d0        -       0x0000001c   Zero   RW         1377    .bss.heightManager  spl06_func.o
    0x200001ec        -       0x00000064   Zero   RW           49    .bss.hspi1          spi.o
    0x20000250        -       0x00000048   Zero   RW           74    .bss.htim1          tim.o
    0x20000298        -       0x00000048   Zero   RW           76    .bss.htim14         tim.o
    0x200002e0        -       0x00000048   Zero   RW           77    .bss.htim16         tim.o
    0x20000328        -       0x00000048   Zero   RW           75    .bss.htim3          tim.o
    0x20000370        -       0x00000084   Zero   RW           96    .bss.huart1         usart.o
    0x200003f4        -       0x0000002c   Zero   RW         1307    .bss.kf_rol         bmi055.o
    0x20000420        -       0x00000004   Zero   RW          348    .bss.uwTick         stm32f0xx_hal.o
    0x20000424   0x08005705   0x00000004   PAD
    0x20000428        -       0x00000200   Zero   RW            2    HEAP                startup_stm32f030x6.o
    0x20000628        -       0x00000400   Zero   RW            1    STACK               startup_stm32f030x6.o


==============================================================================

Image component sizes


      Code (inc. data)   RO Data    RW Data    ZI Data      Debug   Object Name

      1716         72          0          1        164       6269   bmi055.o
        64         12          0          0         28       1292   bmi055_fun.o
       204          8          0          0          0       5503   cmath.o
        44          0          0          0          0       1524   dma.o
       188         12          0          0          0       1822   gpio.o
      2144         40          0          0          0      11541   iic.o
       268         28          0          0         12       2591   main.o
       296         24          0          0        236       5178   spi.o
      1040         12          0          0         56       9593   spl06_001.o
       140         28          0          0         28        758   spl06_func.o
        56         26        176          0       1536        580   startup_stm32f030x6.o
       152          8          0          8          4       5505   stm32f0xx_hal.o
       140         24          0          0          0       5629   stm32f0xx_hal_cortex.o
       360         12          0          0          0       8166   stm32f0xx_hal_dma.o
       482         20          0          0          0       5419   stm32f0xx_hal_gpio.o
        44          4          0          0          0       1036   stm32f0xx_hal_msp.o
      1452         56         32          0          0       8142   stm32f0xx_hal_rcc.o
       264         12          0          0          0       3434   stm32f0xx_hal_rcc_ex.o
      2300         16          0          0          0      27278   stm32f0xx_hal_spi.o
      2032         52          0          0          0      60152   stm32f0xx_hal_tim.o
       166          0          0          0          0      22095   stm32f0xx_hal_tim_ex.o
       956         56          0          0          0      40899   stm32f0xx_hal_uart.o
        56         12          0          0          0        870   stm32f0xx_it.o
         2          0         24          4          0       1776   system_stm32f0xx.o
       684         64          0          0        288       7673   tim.o
       160         16          0          0        132       5406   usart.o

    ----------------------------------------------------------------------
     15428        614        264         16       2488     250131   Object Totals
         0          0         32          0          0          0   (incl. Generated)
        18          0          0          3          4          0   (incl. Padding)

    ----------------------------------------------------------------------

      Code (inc. data)   RO Data    RW Data    ZI Data      Debug   Library Member Name

         8          0          0          0          0         68   __main.o
         0          0          0          0          0          0   __rtentry.o
        12          0          0          0          0          0   __rtentry2.o
         6          0          0          0          0          0   __rtentry4.o
        60          8          0          0          0          0   __scatter.o
        26          0          0          0          0          0   __scatter_copy.o
        28          0          0          0          0          0   __scatter_zi.o
        88          4         40          0          0         72   _printf_hex_int.o
       176          0          0          0          0         84   _printf_intcommon.o
         2          0          0          0          0          0   _printf_percent.o
         4          0          0          0          0          0   _printf_percent_end.o
        10          0          0          0          0          0   _printf_x.o
        22          0          0          0          0         92   _rserrno.o
       502          0          0          0          0         92   aeabi_sdivfast.o
        16          0          0          0          0         68   exit.o
         6          0          0          0          0        136   heapauxi.o
         0          0          0          0          0          0   indicate_semi.o
         2          0          0          0          0          0   libinit.o
         2          0          0          0          0          0   libinit2.o
         2          0          0          0          0          0   libshutdown.o
         2          0          0          0          0          0   libshutdown2.o
         8          4          0          0         96         68   libspace.o
         8          4          0          0          0         68   rt_errno_addr_intlibspace.o
        64          0          0          0          0        108   rt_memclr.o
       186          0          0          0          0        144   rt_memcpy.o
         2          0          0          0          0          0   rtexit.o
        10          0          0          0          0          0   rtexit2.o
        12          4          0          0          0         60   sys_exit.o
        62          0          0          0          0         80   sys_stackheap_outer.o
         2          0          0          0          0         68   use_no_semi.o
        46          0          0          0          0         60   cmpret.o
       124          4          0          0          0         72   d2f.o
       856         20          0          0          0        208   daddsub.o
      1096         26        128          0          0        112   ddiv.o
        88          0          0          0          0         92   dflti.o
       584         26          0          0          0         84   dmul.o
        84          4          0          0          0         60   f2d.o
       372          8          0          0          0        240   faddsub.o
        44          0          0          0          0        136   fcmp.o
       100          4          0          0          0         68   fcmpin.o
       352         10         64          0          0         92   fdiv.o
        94          0          0          0          0         92   fflti.o
        84          4          0          0          0         76   fgef.o
       176          4          0          0          0         80   fmul.o
        16          6          0          0          0         68   fnan2.o
        68          4          0          0          0         68   fscalbn.o
        94          0          0          0          0         68   retnan.o
         0          0          0          0          0          0   usenofp.o
       668         76          0          0          0        120   atan2f.o
        34          0          0          0          0         60   fpclassifyf.o
        22          0          0          0          0        136   funder.o

    ----------------------------------------------------------------------
      6340        220        232          0         96       3200   Library Totals
        10          0          0          0          0          0   (incl. Padding)

    ----------------------------------------------------------------------

      Code (inc. data)   RO Data    RW Data    ZI Data      Debug   Library Name

      1328         24         40          0         96       1208   c_p.l
      4278        120        192          0          0       1676   fz_ps.l
       724         76          0          0          0        316   m_ps.l

    ----------------------------------------------------------------------
      6340        220        232          0         96       3200   Library Totals

    ----------------------------------------------------------------------

==============================================================================


      Code (inc. data)   RO Data    RW Data    ZI Data      Debug   

     21768        834        496         16       2584     251383   Grand Totals
     21768        834        496         16       2584     251383   ELF Image Totals
     21768        834        496         16          0          0   ROM Totals

==============================================================================

    Total RO  Size (Code + RO Data)                22264 (  21.74kB)
    Total RW  Size (RW Data + ZI Data)              2600 (   2.54kB)
    Total ROM Size (Code + RO Data + RW Data)      22280 (  21.76kB)

==============================================================================

